main.c:133:5:main	56	static
main.c:496:6:SystemClock_Config	112	static
main.c:541:13:MX_CAN_Init	8	static
main.c:578:13:MX_SDADC1_Init	24	static
main.c:623:13:MX_SDADC2_Init	24	static
main.c:668:13:MX_SDADC3_Init	24	static
main.c:713:13:MX_TIM2_Init	32	static
main.c:758:13:MX_GPIO_Init	56	static
main.c:816:6:changeBaudRate	16	static
main.c:824:6:setBaudRate	16	static
main.c:856:6:changeDevice	16	static
main.c:864:6:setDeviceID	16	static
main.c:881:6:changeCANID	16	static
main.c:909:6:setCANID	16	static
main.c:951:6:changeDelay	24	static
main.c:968:6:setDelay	16	static
main.c:984:7:intToDeg	16	static
main.c:987:10:bytesToWord	24	static
main.c:994:6:wordToBytes	16	static
main.c:1001:6:calibrateSDADC	16	static
main.c:1024:6:storeInFlash	24	static
main.c:1056:6:Error_Handler	4	static,ignoring_inline_asm
