main.c:160:5:main	48	static
main.c:658:6:SystemClock_Config	112	static
main.c:704:13:MX_CAN_Init	8	static
main.c:747:13:MX_SDADC1_Init	24	static
main.c:792:13:MX_SDADC2_Init	24	static
main.c:837:13:MX_SDADC3_Init	24	static
main.c:882:13:MX_TIM2_Init	32	static
main.c:927:13:MX_GPIO_Init	56	static
main.c:985:6:changeBaudRate	16	static
main.c:995:6:setBaudRate	8	static
main.c:1026:6:changeCANID	16	static
main.c:1055:6:setCANID	16	static
main.c:1099:6:resetCAN	8	static
main.c:1112:6:changeDelay	24	static
main.c:1124:6:setDelay	16	static
main.c:1140:6:zeroAnalog	16	static
main.c:1154:6:resetOffsets	8	static
main.c:1165:6:toggleAnalog	32	static
main.c:1223:6:displayValues	8	static
main.c:1310:10:bytesToWord	24	static
main.c:1319:10:wordToBytes	16	static
main.c:1328:6:calibrateSDADC	16	static
main.c:1351:6:storeInFlash	24	static
main.c:1395:6:Error_Handler	4	static,ignoring_inline_asm
