main.c:189:5:main	24	static
main.c:456:6:SystemClock_Config	112	static
main.c:504:13:MX_CAN_Init	8	static
main.c:547:13:MX_SDADC1_Init	24	static
main.c:592:13:MX_SDADC2_Init	24	static
main.c:637:13:MX_SDADC3_Init	24	static
main.c:682:13:MX_TIM2_Init	32	static
main.c:727:13:MX_TIM3_Init	32	static
main.c:772:13:MX_GPIO_Init	40	static
main.c:821:6:HAL_SDADC_ConvCpltCallback	16	static
main.c:856:6:HAL_TIM_PeriodElapsedCallback	16	static
main.c:925:6:HAL_GPIO_EXTI_Callback	16	static
main.c:1129:6:changeBaudRate	16	static
main.c:1139:6:setBaudRate	16	static
main.c:1182:6:changeCANID	16	static
main.c:1211:6:setCANID	16	static
main.c:1255:6:resetCAN	8	static
main.c:1272:6:changeDelay	32	static
main.c:1295:6:setDelay	16	static
main.c:1312:6:zeroAnalog	16	static
main.c:1337:6:resetOffsets	8	static
main.c:1355:6:toggleAnalog	32	static
main.c:1422:6:displayValues	8	static
main.c:1517:10:bytesToWord	24	static
main.c:1526:10:wordToBytes	16	static
main.c:1535:6:calibrateSDADC	16	static
main.c:1558:6:storeInFlash	24	static
main.c:1601:6:Error_Handler	4	static,ignoring_inline_asm
