main.c:176:5:main	24	static
main.c:418:6:SystemClock_Config	112	static
main.c:463:13:MX_CAN_Init	8	static
main.c:506:13:MX_SDADC1_Init	24	static
main.c:551:13:MX_SDADC2_Init	24	static
main.c:596:13:MX_SDADC3_Init	24	static
main.c:641:13:MX_TIM2_Init	32	static
main.c:686:13:MX_TIM3_Init	32	static
main.c:731:13:MX_GPIO_Init	56	static
main.c:796:6:HAL_SDADC_ConvCpltCallback	16	static
main.c:839:6:HAL_TIM_PeriodElapsedCallback	16	static
main.c:897:6:HAL_GPIO_EXTI_Callback	16	static
main.c:1091:6:changeBaudRate	16	static
main.c:1101:6:setBaudRate	8	static
main.c:1132:6:changeCANID	16	static
main.c:1161:6:setCANID	16	static
main.c:1205:6:resetCAN	8	static
main.c:1218:6:changeDelay	24	static
main.c:1230:6:setDelay	16	static
main.c:1247:6:zeroAnalog	16	static
main.c:1261:6:resetOffsets	8	static
main.c:1272:6:toggleAnalog	32	static
main.c:1330:6:displayValues	8	static
main.c:1417:10:bytesToWord	24	static
main.c:1426:10:wordToBytes	16	static
main.c:1435:6:calibrateSDADC	16	static
main.c:1458:6:storeInFlash	24	static
main.c:1502:6:Error_Handler	4	static,ignoring_inline_asm
