main.c:184:5:main	24	static
main.c:447:6:SystemClock_Config	112	static
main.c:495:13:MX_CAN_Init	8	static
main.c:538:13:MX_SDADC1_Init	24	static
main.c:583:13:MX_SDADC2_Init	24	static
main.c:628:13:MX_SDADC3_Init	24	static
main.c:694:13:MX_TIM2_Init	32	static
main.c:739:13:MX_TIM3_Init	32	static
main.c:784:13:MX_GPIO_Init	40	static
main.c:833:6:HAL_SDADC_ConvCpltCallback	16	static
main.c:876:6:HAL_TIM_PeriodElapsedCallback	16	static
main.c:942:6:HAL_GPIO_EXTI_Callback	16	static
main.c:1146:6:changeBaudRate	16	static
main.c:1156:6:setBaudRate	16	static
main.c:1199:6:changeCANID	16	static
main.c:1228:6:setCANID	16	static
main.c:1272:6:resetCAN	8	static
main.c:1289:6:changeDelay	32	static
main.c:1312:6:setDelay	16	static
main.c:1329:6:zeroAnalog	16	static
main.c:1347:6:resetOffsets	8	static
main.c:1362:6:toggleAnalog	32	static
main.c:1429:6:displayValues	8	static
main.c:1524:10:bytesToWord	24	static
main.c:1533:10:wordToBytes	16	static
main.c:1542:6:calibrateSDADC	16	static
main.c:1565:6:storeInFlash	24	static
main.c:1609:6:Error_Handler	4	static,ignoring_inline_asm
