core_cm4.h:2064:26:ITM_SendChar	16	static,ignoring_inline_asm
main.c:112:5:_write	32	static
main.c:120:7:intToString	16	static
main.c:125:10:getUInt32	24	static
main.c:132:6:wordToBytes	16	static
main.c:138:6:storeInFlash	8	static
main.c:174:5:main	64	static
main.c:540:6:SystemClock_Config	104	static
main.c:592:13:MX_ADC1_Init	24	static
main.c:642:13:MX_ADC2_Init	24	static
main.c:692:13:MX_CAN1_Init	8	static
main.c:729:13:MX_I2S3_Init	8	static
main.c:763:13:MX_TIM1_Init	32	static
main.c:809:13:MX_GPIO_Init	56	static
main.c:923:6:changeBaudRate	16	static
main.c:931:6:setBaudRate	16	static
main.c:965:6:changeDevice	16	static
main.c:973:6:setDeviceID	16	static
main.c:990:6:changeCANID	16	static
main.c:1018:6:setCANID	16	static
main.c:1062:6:changeDelay	24	static
main.c:1076:6:setDelay	16	static
main.c:1090:7:intToDeg	16	static
main.c:1099:6:Error_Handler	4	static,ignoring_inline_asm
