Archive member included to satisfy reference by file (symbol)

c:/st/stm32cubeide_1.6.1/stm32cubeide/plugins/com.st.stm32cube.ide.mcu.externaltools.gnu-tools-for-stm32.9-2020-q2-update.win32_1.5.0.202011040924/tools/bin/../lib/gcc/arm-none-eabi/9.3.1/../../../../arm-none-eabi/lib/thumb/v7e-m+fp/hard\libc_nano.a(lib_a-errno.o)
                              Core/Src/syscalls.o (__errno)
c:/st/stm32cubeide_1.6.1/stm32cubeide/plugins/com.st.stm32cube.ide.mcu.externaltools.gnu-tools-for-stm32.9-2020-q2-update.win32_1.5.0.202011040924/tools/bin/../lib/gcc/arm-none-eabi/9.3.1/../../../../arm-none-eabi/lib/thumb/v7e-m+fp/hard\libc_nano.a(lib_a-exit.o)
                              c:/st/stm32cubeide_1.6.1/stm32cubeide/plugins/com.st.stm32cube.ide.mcu.externaltools.gnu-tools-for-stm32.9-2020-q2-update.win32_1.5.0.202011040924/tools/bin/../lib/gcc/arm-none-eabi/9.3.1/../../../../arm-none-eabi/lib/thumb/v7e-m+fp/hard/crt0.o (exit)
c:/st/stm32cubeide_1.6.1/stm32cubeide/plugins/com.st.stm32cube.ide.mcu.externaltools.gnu-tools-for-stm32.9-2020-q2-update.win32_1.5.0.202011040924/tools/bin/../lib/gcc/arm-none-eabi/9.3.1/../../../../arm-none-eabi/lib/thumb/v7e-m+fp/hard\libc_nano.a(lib_a-impure.o)
                              c:/st/stm32cubeide_1.6.1/stm32cubeide/plugins/com.st.stm32cube.ide.mcu.externaltools.gnu-tools-for-stm32.9-2020-q2-update.win32_1.5.0.202011040924/tools/bin/../lib/gcc/arm-none-eabi/9.3.1/../../../../arm-none-eabi/lib/thumb/v7e-m+fp/hard\libc_nano.a(lib_a-exit.o) (_global_impure_ptr)
c:/st/stm32cubeide_1.6.1/stm32cubeide/plugins/com.st.stm32cube.ide.mcu.externaltools.gnu-tools-for-stm32.9-2020-q2-update.win32_1.5.0.202011040924/tools/bin/../lib/gcc/arm-none-eabi/9.3.1/../../../../arm-none-eabi/lib/thumb/v7e-m+fp/hard\libc_nano.a(lib_a-init.o)
                              c:/st/stm32cubeide_1.6.1/stm32cubeide/plugins/com.st.stm32cube.ide.mcu.externaltools.gnu-tools-for-stm32.9-2020-q2-update.win32_1.5.0.202011040924/tools/bin/../lib/gcc/arm-none-eabi/9.3.1/../../../../arm-none-eabi/lib/thumb/v7e-m+fp/hard/crt0.o (__libc_init_array)
c:/st/stm32cubeide_1.6.1/stm32cubeide/plugins/com.st.stm32cube.ide.mcu.externaltools.gnu-tools-for-stm32.9-2020-q2-update.win32_1.5.0.202011040924/tools/bin/../lib/gcc/arm-none-eabi/9.3.1/../../../../arm-none-eabi/lib/thumb/v7e-m+fp/hard\libc_nano.a(lib_a-memset.o)
                              c:/st/stm32cubeide_1.6.1/stm32cubeide/plugins/com.st.stm32cube.ide.mcu.externaltools.gnu-tools-for-stm32.9-2020-q2-update.win32_1.5.0.202011040924/tools/bin/../lib/gcc/arm-none-eabi/9.3.1/../../../../arm-none-eabi/lib/thumb/v7e-m+fp/hard/crt0.o (memset)
c:/st/stm32cubeide_1.6.1/stm32cubeide/plugins/com.st.stm32cube.ide.mcu.externaltools.gnu-tools-for-stm32.9-2020-q2-update.win32_1.5.0.202011040924/tools/bin/../lib/gcc/arm-none-eabi/9.3.1/../../../../arm-none-eabi/lib/thumb/v7e-m+fp/hard\libc_nano.a(lib_a-sprintf.o)
                              Core/Src/main.o (sprintf)
c:/st/stm32cubeide_1.6.1/stm32cubeide/plugins/com.st.stm32cube.ide.mcu.externaltools.gnu-tools-for-stm32.9-2020-q2-update.win32_1.5.0.202011040924/tools/bin/../lib/gcc/arm-none-eabi/9.3.1/../../../../arm-none-eabi/lib/thumb/v7e-m+fp/hard\libc_nano.a(lib_a-strcat.o)
                              Core/Src/main.o (strcat)
c:/st/stm32cubeide_1.6.1/stm32cubeide/plugins/com.st.stm32cube.ide.mcu.externaltools.gnu-tools-for-stm32.9-2020-q2-update.win32_1.5.0.202011040924/tools/bin/../lib/gcc/arm-none-eabi/9.3.1/../../../../arm-none-eabi/lib/thumb/v7e-m+fp/hard\libc_nano.a(lib_a-strlcat.o)
                              Core/Src/main.o (strlcat)
c:/st/stm32cubeide_1.6.1/stm32cubeide/plugins/com.st.stm32cube.ide.mcu.externaltools.gnu-tools-for-stm32.9-2020-q2-update.win32_1.5.0.202011040924/tools/bin/../lib/gcc/arm-none-eabi/9.3.1/../../../../arm-none-eabi/lib/thumb/v7e-m+fp/hard\libc_nano.a(lib_a-strlcpy.o)
                              Core/Src/main.o (strlcpy)
c:/st/stm32cubeide_1.6.1/stm32cubeide/plugins/com.st.stm32cube.ide.mcu.externaltools.gnu-tools-for-stm32.9-2020-q2-update.win32_1.5.0.202011040924/tools/bin/../lib/gcc/arm-none-eabi/9.3.1/../../../../arm-none-eabi/lib/thumb/v7e-m+fp/hard\libc_nano.a(lib_a-strlen.o)
                              Core/Src/main.o (strlen)
c:/st/stm32cubeide_1.6.1/stm32cubeide/plugins/com.st.stm32cube.ide.mcu.externaltools.gnu-tools-for-stm32.9-2020-q2-update.win32_1.5.0.202011040924/tools/bin/../lib/gcc/arm-none-eabi/9.3.1/../../../../arm-none-eabi/lib/thumb/v7e-m+fp/hard\libc_nano.a(lib_a-strncpy.o)
                              Core/Src/main.o (strncpy)
c:/st/stm32cubeide_1.6.1/stm32cubeide/plugins/com.st.stm32cube.ide.mcu.externaltools.gnu-tools-for-stm32.9-2020-q2-update.win32_1.5.0.202011040924/tools/bin/../lib/gcc/arm-none-eabi/9.3.1/../../../../arm-none-eabi/lib/thumb/v7e-m+fp/hard\libc_nano.a(lib_a-nano-svfprintf.o)
[...]
Memory Configuration

Name             Origin             Length             Attributes
RAM              0x0000000020000000 0x0000000000008000 xrw
FLASH            0x0000000008000000 0x0000000000020000 xr
*default*        0x0000000000000000 0xffffffffffffffff

Linker script and memory map

LOAD c:/st/stm32cubeide_1.6.1/stm32cubeide/plugins/com.st.stm32cube.ide.mcu.externaltools.gnu-tools-for-stm32.9-2020-q2-update.win32_1.5.0.202011040924/tools/bin/../lib/gcc/arm-none-eabi/9.3.1/thumb/v7e-m+fp/hard/crti.o
LOAD c:/st/stm32cubeide_1.6.1/stm32cubeide/plugins/com.st.stm32cube.ide.mcu.externaltools.gnu-tools-for-stm32.9-2020-q2-update.win32_1.5.0.202011040924/tools/bin/../lib/gcc/arm-none-eabi/9.3.1/thumb/v7e-m+fp/hard/crtbegin.o
LOAD c:/st/stm32cubeide_1.6.1/stm32cubeide/plugins/com.st.stm32cube.ide.mcu.externaltools.gnu-tools-for-stm32.9-2020-q2-update.win32_1.5.0.202011040924/tools/bin/../lib/gcc/arm-none-eabi/9.3.1/../../../../arm-none-eabi/lib/thumb/v7e-m+fp/hard/crt0.o
LOAD Core/Src/LCD1602.o
LOAD Core/Src/main.o
LOAD Core/Src/stm32f3xx_hal_msp.o
LOAD Core/Src/stm32f3xx_it.o
LOAD Core/Src/syscalls.o
LOAD Core/Src/sysmem.o
LOAD Core/Src/system_stm32f3xx.o
LOAD Core/Startup/startup_stm32f373cctx.o
LOAD Drivers/STM32F3xx_HAL_Driver/Src/stm32f3xx_hal.o
LOAD Drivers/STM32F3xx_HAL_Driver/Src/stm32f3xx_hal_can.o
LOAD Drivers/STM32F3xx_HAL_Driver/Src/stm32f3xx_hal_cortex.o
LOAD Drivers/STM32F3xx_HAL_Driver/Src/stm32f3xx_hal_dma.o
LOAD Drivers/STM32F3xx_HAL_Driver/Src/stm32f3xx_hal_exti.o
LOAD Drivers/STM32F3xx_HAL_Driver/Src/stm32f3xx_hal_flash.o
LOAD Drivers/STM32F3xx_HAL_Driver/Src/stm32f3xx_hal_flash_ex.o
LOAD Drivers/STM32F3xx_HAL_Driver/Src/stm32f3xx_hal_gpio.o
LOAD Drivers/STM32F3xx_HAL_Driver/Src/stm32f3xx_hal_i2c.o
LOAD Drivers/STM32F3xx_HAL_Driver/Src/stm32f3xx_hal_i2c_ex.o
LOAD Drivers/STM32F3xx_HAL_Driver/Src/stm32f3xx_hal_pwr.o
LOAD Drivers/STM32F3xx_HAL_Driver/Src/stm32f3xx_hal_pwr_ex.o
LOAD Drivers/STM32F3xx_HAL_Driver/Src/stm32f3xx_hal_rcc.o
LOAD Drivers/STM32F3xx_HAL_Driver/Src/stm32f3xx_hal_rcc_ex.o
LOAD Drivers/STM32F3xx_HAL_Driver/Src/stm32f3xx_hal_sdadc.o
LOAD Drivers/STM32F3xx_HAL_Driver/Src/stm32f3xx_hal_tim.o
LOAD Drivers/STM32F3xx_HAL_Driver/Src/stm32f3xx_hal_tim_ex.o
START GROUP
LOAD c:/st/stm32cubeide_1.6.1/stm32cubeide/plugins/com.st.stm32cube.ide.mcu.externaltools.gnu-tools-for-stm32.9-2020-q2-update.win32_1.5.0.202011040924/tools/bin/../lib/gcc/arm-none-eabi/9.3.1/../../../../arm-none-eabi/lib/thumb/v7e-m+fp/hard\libc_nano.a
LOAD c:/st/stm32cubeide_1.6.1/stm32cubeide/plugins/com.st.stm32cube.ide.mcu.externaltools.gnu-tools-for-stm32.9-2020-q2-update.win32_1.5.0.202011040924/tools/bin/../lib/gcc/arm-none-eabi/9.3.1/../../../../arm-none-eabi/lib/thumb/v7e-m+fp/hard\libm.a
END GROUP
START GROUP
LOAD c:/st/stm32cubeide_1.6.1/stm32cubeide/plugins/com.st.stm32cube.ide.mcu.externaltools.gnu-tools-for-stm32.9-2020-q2-update.win32_1.5.0.202011040924/tools/bin/../lib/gcc/arm-none-eabi/9.3.1/thumb/v7e-m+fp/hard\libgcc.a
LOAD c:/st/stm32cubeide_1.6.1/stm32cubeide/plugins/com.st.stm32cube.ide.mcu.externaltools.gnu-tools-for-stm32.9-2020-q2-update.win32_1.5.0.202011040924/tools/bin/../lib/gcc/arm-none-eabi/9.3.1/../../../../arm-none-eabi/lib/thumb/v7e-m+fp/hard\libc_nano.a
END GROUP
START GROUP
LOAD c:/st/stm32cubeide_1.6.1/stm32cubeide/plugins/com.st.stm32cube.ide.mcu.externaltools.gnu-tools-for-stm32.9-2020-q2-update.win32_1.5.0.202011040924/tools/bin/../lib/gcc/arm-none-eabi/9.3.1/thumb/v7e-m+fp/hard\libgcc.a
LOAD c:/st/stm32cubeide_1.6.1/stm32cubeide/plugins/com.st.stm32cube.ide.mcu.externaltools.gnu-tools-for-stm32.9-2020-q2-update.win32_1.5.0.202011040924/tools/bin/../lib/gcc/arm-none-eabi/9.3.1/../../../../arm-none-eabi/lib/thumb/v7e-m+fp/hard\libc_nano.a
LOAD c:/st/stm32cubeide_1.6.1/stm32cubeide/plugins/com.st.stm32cube.ide.mcu.externaltools.gnu-tools-for-stm32.9-2020-q2-update.win32_1.5.0.202011040924/tools/bin/../lib/gcc/arm-none-eabi/9.3.1/../../../../arm-none-eabi/lib/thumb/v7e-m+fp/hard\libnosys.a
END GROUP
START GROUP
LOAD c:/st/stm32cubeide_1.6.1/stm32cubeide/plugins/com.st.stm32cube.ide.mcu.externaltools.gnu-tools-for-stm32.9-2020-q2-update.win32_1.5.0.202011040924/tools/bin/../lib/gcc/arm-none-eabi/9.3.1/thumb/v7e-m+fp/hard\libgcc.a
LOAD c:/st/stm32cubeide_1.6.1/stm32cubeide/plugins/com.st.stm32cube.ide.mcu.externaltools.gnu-tools-for-stm32.9-2020-q2-update.win32_1.5.0.202011040924/tools/bin/../lib/gcc/arm-none-eabi/9.3.1/../../../../arm-none-eabi/lib/thumb/v7e-m+fp/hard\libc_nano.a
LOAD c:/st/stm32cubeide_1.6.1/stm32cubeide/plugins/com.st.stm32cube.ide.mcu.externaltools.gnu-tools-for-stm32.9-2020-q2-update.win32_1.5.0.202011040924/tools/bin/../lib/gcc/arm-none-eabi/9.3.1/../../../../arm-none-eabi/lib/thumb/v7e-m+fp/hard\libnosys.a
END GROUP
LOAD c:/st/stm32cubeide_1.6.1/stm32cubeide/plugins/com.st.stm32cube.ide.mcu.externaltools.gnu-tools-for-stm32.9-2020-q2-update.win32_1.5.0.202011040924/tools/bin/../lib/gcc/arm-none-eabi/9.3.1/thumb/v7e-m+fp/hard/crtend.o
LOAD c:/st/stm32cubeide_1.6.1/stm32cubeide/plugins/com.st.stm32cube.ide.mcu.externaltools.gnu-tools-for-stm32.9-2020-q2-update.win32_1.5.0.202011040924/tools/bin/../lib/gcc/arm-none-eabi/9.3.1/thumb/v7e-m+fp/hard/crtn.o
                0x0000000020008000                _estack = (ORIGIN (RAM) + LENGTH (RAM))
                0x0000000000000200                _Min_Heap_Size = 0x200
                0x0000000000000400                _Min_Stack_Size = 0x400

.isr_vector     0x0000000008000000      0x188
                0x0000000008000000                . = ALIGN (0x4)
 *(.isr_vector)
 .isr_vector    0x0000000008000000      0x188 Core/Startup/startup_stm32f373cctx.o
                0x0000000008000000                g_pfnVectors
                0x0000000008000188                . = ALIGN (0x4)

.text           0x0000000008000190     0x99c4
                0x0000000008000190                . = ALIGN (0x4)
 *(.text)
 .text          0x0000000008000190       0x40 c:/st/stm32cubeide_1.6.1/stm32cubeide/plugins/com.st.stm32cube.ide.mcu.externaltools.gnu-tools-for-stm32.9-2020-q2-update.win32_1.5.0.202011040924/tools/bin/../lib/gcc/arm-none-eabi/9.3.1/thumb/v7e-m+fp/hard/crtbegin.o
 .text          0x00000000080001d0       0x10 c:/st/stm32cubeide_1.6.1/stm32cubeide/plugins/com.st.stm32cube.ide.mcu.externaltools.gnu-tools-for-stm32.9-2020-q2-update.win32_1.5.0.202011040924/tools/bin/../lib/gcc/arm-none-eabi/9.3.1/../../../../arm-none-eabi/lib/thumb/v7e-m+fp/hard\libc_nano.a(lib_a-strlen.o)
                0x00000000080001d0                strlen
 .text          0x00000000080001e0       0xa0 c:/st/stm32cubeide_1.6.1/stm32cubeide/plugins/com.st.stm32cube.ide.mcu.externaltools.gnu-tools-for-stm32.9-2020-q2-update.win32_1.5.0.202011040924/tools/bin/../lib/gcc/arm-none-eabi/9.3.1/../../../../arm-none-eabi/lib/thumb/v7e-m+fp/hard\libc_nano.a(lib_a-memchr.o)
                0x00000000080001e0                memchr
 .text          0x0000000008000280      0x378 c:/st/stm32cubeide_1.6.1/stm32cubeide/plugins/com.st.stm32cube.ide.mcu.externaltools.gnu-tools-for-stm32.9-2020-q2-update.win32_1.5.0.202011040924/tools/bin/../lib/gcc/arm-none-eabi/9.3.1/thumb/v7e-m+fp/hard\libgcc.a(_arm_addsubdf3.o)
                0x0000000008000280                __aeabi_drsub
                0x0000000008000288                __aeabi_dsub
                0x0000000008000288                __subdf3
                0x000000000800028c                __aeabi_dadd
                0x000000000800028c                __adddf3
                0x0000000008000504                __floatunsidf
                0x0000000008000504                __aeabi_ui2d
                0x0000000008000524                __floatsidf
                0x0000000008000524                __aeabi_i2d
                0x0000000008000548                __aeabi_f2d
                0x0000000008000548                __extendsfdf2
                0x000000000800058c                __floatundidf
                0x000000000800058c                __aeabi_ul2d
                0x000000000800059c                __floatdidf
                0x000000000800059c                __aeabi_l2d
 .text          0x00000000080005f8      0x424 c:/st/stm32cubeide_1.6.1/stm32cubeide/plugins/com.st.stm32cube.ide.mcu.externaltools.gnu-tools-for-stm32.9-2020-q2-update.win32_1.5.0.202011040924/tools/bin/../lib/gcc/arm-none-eabi/9.3.1/thumb/v7e-m+fp/hard\libgcc.a(_arm_muldivdf3.o)
                0x00000000080005f8                __aeabi_dmul
                0x00000000080005f8                __muldf3
                0x000000000800084c                __divdf3
                0x000000000800084c                __aeabi_ddiv
 .text          0x0000000008000a1c      0x110 c:/st/stm32cubeide_1.6.1/stm32cubeide/plugins/com.st.stm32cube.ide.mcu.externaltools.gnu-tools-for-stm32.9-2020-q2-update.win32_1.5.0.202011040924/tools/bin/../lib/gcc/arm-none-eabi/9.3.1/thumb/v7e-m+fp/hard\libgcc.a(_arm_cmpdf2.o)
                0x0000000008000a1c                __gtdf2
                0x0000000008000a1c                __gedf2
                0x0000000008000a24                __ltdf2
                0x0000000008000a24                __ledf2
                0x0000000008000a2c                __nedf2
                0x0000000008000a2c                __eqdf2
                0x0000000008000a2c                __cmpdf2
                0x0000000008000aa8                __aeabi_cdrcmple
                0x0000000008000ab8                __aeabi_cdcmpeq
                0x0000000008000ab8                __aeabi_cdcmple
                0x0000000008000ac8                __aeabi_dcmpeq
                0x0000000008000adc                __aeabi_dcmplt
                0x0000000008000af0                __aeabi_dcmple
                0x0000000008000b04                __aeabi_dcmpge
                0x0000000008000b18                __aeabi_dcmpgt
 .text          0x0000000008000b2c       0x2c c:/st/stm32cubeide_1.6.1/stm32cubeide/plugins/com.st.stm32cube.ide.mcu.externaltools.gnu-tools-for-stm32.9-2020-q2-update.win32_1.5.0.202011040924/tools/bin/../lib/gcc/arm-none-eabi/9.3.1/thumb/v7e-m+fp/hard\libgcc.a(_arm_unorddf2.o)
                0x0000000008000b2c                __unorddf2
                0x0000000008000b2c                __aeabi_dcmpun
 .text          0x0000000008000b58       0x40 c:/st/stm32cubeide_1.6.1/stm32cubeide/plugins/com.st.stm32cube.ide.mcu.externaltools.gnu-tools-for-stm32.9-2020-q2-update.win32_1.5.0.202011040924/tools/bin/../lib/gcc/arm-none-eabi/9.3.1/thumb/v7e-m+fp/hard\libgcc.a(_arm_fixunsdfsi.o)
                0x0000000008000b58                __aeabi_d2uiz
                0x0000000008000b58                __fixunsdfsi
 *(.text*)
 .text.delay    0x0000000008000b98       0x34 Core/Src/LCD1602.o
                0x0000000008000b98                delay
 .text.send_to_lcd
                0x0000000008000bcc       0xa4 Core/Src/LCD1602.o
                0x0000000008000bcc                send_to_lcd
 .text.lcd_send_cmd
                0x0000000008000c70       0x34 Core/Src/LCD1602.o
                0x0000000008000c70                lcd_send_cmd
 .text.lcd_send_data
                0x0000000008000ca4       0x34 Core/Src/LCD1602.o
                0x0000000008000ca4                lcd_send_data
 .text.lcd_clear
                0x0000000008000cd8       0x16 Core/Src/LCD1602.o
                0x0000000008000cd8                lcd_clear
 .text.lcd_put_cur
                0x0000000008000cee       0x3e Core/Src/LCD1602.o
                0x0000000008000cee                lcd_put_cur
 .text.lcd_init
                0x0000000008000d2c       0x8c Core/Src/LCD1602.o
                0x0000000008000d2c                lcd_init
 .text.lcd_send_string
                0x0000000008000db8       0x2a Core/Src/LCD1602.o
                0x0000000008000db8                lcd_send_string
 *fill*         0x0000000008000de2        0x6 
 .text.main     0x0000000008000de8      0xa88 Core/Src/main.o
                0x0000000008000de8                main
 .text.SystemClock_Config
                0x0000000008001870       0xc8 Core/Src/main.o
                0x0000000008001870                SystemClock_Config
 .text.MX_CAN_Init
                0x0000000008001938       0x8c Core/Src/main.o
 .text.MX_SDADC1_Init
                0x00000000080019c4       0x78 Core/Src/main.o
 .text.MX_SDADC2_Init
                0x0000000008001a3c       0x78 Core/Src/main.o
 .text.MX_SDADC3_Init
                0x0000000008001ab4       0x78 Core/Src/main.o
 .text.MX_TIM2_Init
                0x0000000008001b2c       0x98 Core/Src/main.o
 .text.MX_TIM3_Init
                0x0000000008001bc4       0x9c Core/Src/main.o
 .text.MX_GPIO_Init
                0x0000000008001c60      0x10c Core/Src/main.o
 .text.HAL_SDADC_ConvCpltCallback
                0x0000000008001d6c      0x1cc Core/Src/main.o
                0x0000000008001d6c                HAL_SDADC_ConvCpltCallback
 .text.HAL_TIM_PeriodElapsedCallback
                0x0000000008001f38      0x294 Core/Src/main.o
                0x0000000008001f38                HAL_TIM_PeriodElapsedCallback
 .text.HAL_GPIO_EXTI_Callback
                0x00000000080021cc      0x9e8 Core/Src/main.o
                0x00000000080021cc                HAL_GPIO_EXTI_Callback
 .text.changeBaudRate
                0x0000000008002bb4       0x78 Core/Src/main.o
                0x0000000008002bb4                changeBaudRate
 *fill*         0x0000000008002c2c        0x4 
 .text.setBaudRate
                0x0000000008002c30      0x310 Core/Src/main.o
                0x0000000008002c30                setBaudRate
 .text.changeCANID
                0x0000000008002f40      0x168 Core/Src/main.o
                0x0000000008002f40                changeCANID
 .text.setCANID
                0x00000000080030a8      0x1d0 Core/Src/main.o
                0x00000000080030a8                setCANID
 .text.resetCAN
                0x0000000008003278       0x54 Core/Src/main.o
                0x0000000008003278                resetCAN
 *fill*         0x00000000080032cc        0x4 
 .text.changeDelay
                0x00000000080032d0      0x33c Core/Src/main.o
                0x00000000080032d0                changeDelay
 *fill*         0x000000000800360c        0x4 
 .text.setDelay
                0x0000000008003610       0xdc Core/Src/main.o
                0x0000000008003610                setDelay
 .text.zeroAnalog
                0x00000000080036ec      0x224 Core/Src/main.o
                0x00000000080036ec                zeroAnalog
 .text.resetOffsets
                0x0000000008003910       0x74 Core/Src/main.o
                0x0000000008003910                resetOffsets
 *fill*         0x0000000008003984        0x4 
 .text.toggleAnalog
                0x0000000008003988      0x464 Core/Src/main.o
                0x0000000008003988                toggleAnalog
 .text.displayValues
                0x0000000008003dec      0x334 Core/Src/main.o
                0x0000000008003dec                displayValues
 .text.bytesToWord
                0x0000000008004120       0x4e Core/Src/main.o
                0x0000000008004120                bytesToWord
 *fill*         0x000000000800416e        0x2 
 .text.wordToBytes
                0x0000000008004170       0x40 Core/Src/main.o
                0x0000000008004170                wordToBytes
 .text.calibrateSDADC
                0x00000000080041b0       0xd4 Core/Src/main.o
                0x00000000080041b0                calibrateSDADC
 .text.storeInFlash
                0x0000000008004284      0x144 Core/Src/main.o
                0x0000000008004284                storeInFlash
 .text.Error_Handler
                0x00000000080043c8        0xa Core/Src/main.o
                0x00000000080043c8                Error_Handler
 *fill*         0x00000000080043d2        0x2 
 .text.HAL_MspInit
                0x00000000080043d4       0x48 Core/Src/stm32f3xx_hal_msp.o
                0x00000000080043d4                HAL_MspInit
 .text.HAL_CAN_MspInit
                0x000000000800441c       0x88 Core/Src/stm32f3xx_hal_msp.o
                0x000000000800441c                HAL_CAN_MspInit
 .text.HAL_SDADC_MspInit
                0x00000000080044a4      0x168 Core/Src/stm32f3xx_hal_msp.o
                0x00000000080044a4                HAL_SDADC_MspInit
 .text.HAL_TIM_Base_MspInit
                0x000000000800460c       0x70 Core/Src/stm32f3xx_hal_msp.o
                0x000000000800460c                HAL_TIM_Base_MspInit
 .text.NMI_Handler
                0x000000000800467c        0x6 Core/Src/stm32f3xx_it.o
                0x000000000800467c                NMI_Handler
 .text.HardFault_Handler
                0x0000000008004682        0x6 Core/Src/stm32f3xx_it.o
                0x0000000008004682                HardFault_Handler
 .text.MemManage_Handler
                0x0000000008004688        0x6 Core/Src/stm32f3xx_it.o
                0x0000000008004688                MemManage_Handler
 .text.BusFault_Handler
                0x000000000800468e        0x6 Core/Src/stm32f3xx_it.o
                0x000000000800468e                BusFault_Handler
 .text.UsageFault_Handler
                0x0000000008004694        0x6 Core/Src/stm32f3xx_it.o
                0x0000000008004694                UsageFault_Handler
 .text.SVC_Handler
                0x000000000800469a        0xe Core/Src/stm32f3xx_it.o
                0x000000000800469a                SVC_Handler
 .text.DebugMon_Handler
                0x00000000080046a8        0xe Core/Src/stm32f3xx_it.o
                0x00000000080046a8                DebugMon_Handler
 .text.PendSV_Handler
                0x00000000080046b6        0xe Core/Src/stm32f3xx_it.o
                0x00000000080046b6                PendSV_Handler
 .text.SysTick_Handler
                0x00000000080046c4        0xc Core/Src/stm32f3xx_it.o
                0x00000000080046c4                SysTick_Handler
 .text.EXTI0_IRQHandler
                0x00000000080046d0        0xe Core/Src/stm32f3xx_it.o
                0x00000000080046d0                EXTI0_IRQHandler
 .text.EXTI1_IRQHandler
                0x00000000080046de        0xe Core/Src/stm32f3xx_it.o
                0x00000000080046de                EXTI1_IRQHandler
 .text.EXTI2_TSC_IRQHandler
                0x00000000080046ec        0xe Core/Src/stm32f3xx_it.o
                0x00000000080046ec                EXTI2_TSC_IRQHandler
 *fill*         0x00000000080046fa        0x2 
 .text.TIM3_IRQHandler
                0x00000000080046fc       0x14 Core/Src/stm32f3xx_it.o
                0x00000000080046fc                TIM3_IRQHandler
 .text.SDADC1_IRQHandler
                0x0000000008004710       0x14 Core/Src/stm32f3xx_it.o
                0x0000000008004710                SDADC1_IRQHandler
 .text.SDADC2_IRQHandler
                0x0000000008004724       0x14 Core/Src/stm32f3xx_it.o
                0x0000000008004724                SDADC2_IRQHandler
 .text.SDADC3_IRQHandler
                0x0000000008004738       0x14 Core/Src/stm32f3xx_it.o
                0x0000000008004738                SDADC3_IRQHandler
 .text._sbrk    0x000000000800474c       0x6c Core/Src/sysmem.o
                0x000000000800474c                _sbrk
 .text.SystemInit
                0x00000000080047b8       0x24 Core/Src/system_stm32f3xx.o
                0x00000000080047b8                SystemInit
 .text.Reset_Handler
                0x00000000080047dc       0x50 Core/Startup/startup_stm32f373cctx.o
                0x00000000080047dc                Reset_Handler
 .text.Default_Handler
                0x000000000800482c        0x2 Core/Startup/startup_stm32f373cctx.o
                0x000000000800482c                RTC_Alarm_IRQHandler
                0x000000000800482c                USB_HP_IRQHandler
                0x000000000800482c                PVD_IRQHandler
                0x000000000800482c                TAMP_STAMP_IRQHandler
                0x000000000800482c                EXTI3_IRQHandler
                0x000000000800482c                I2C2_EV_IRQHandler
                0x000000000800482c                FPU_IRQHandler
                0x000000000800482c                CAN_TX_IRQHandler
                0x000000000800482c                SPI1_IRQHandler
                0x000000000800482c                CAN_SCE_IRQHandler
                0x000000000800482c                DMA2_Channel2_IRQHandler
                0x000000000800482c                DMA1_Channel4_IRQHandler
                0x000000000800482c                ADC1_IRQHandler
                0x000000000800482c                TIM17_IRQHandler
                0x000000000800482c                USART3_IRQHandler
                0x000000000800482c                DMA1_Channel7_IRQHandler
                0x000000000800482c                TIM4_IRQHandler
                0x000000000800482c                CAN_RX1_IRQHandler
                0x000000000800482c                DMA2_Channel1_IRQHandler
                0x000000000800482c                I2C1_EV_IRQHandler
                0x000000000800482c                DMA1_Channel6_IRQHandler
                0x000000000800482c                TIM16_IRQHandler
                0x000000000800482c                DMA2_Channel4_IRQHandler
                0x000000000800482c                RCC_IRQHandler
                0x000000000800482c                DMA1_Channel1_IRQHandler
                0x000000000800482c                Default_Handler
                0x000000000800482c                CEC_IRQHandler
                0x000000000800482c                EXTI15_10_IRQHandler
                0x000000000800482c                TIM14_IRQHandler
                0x000000000800482c                TIM13_IRQHandler
                0x000000000800482c                TIM12_IRQHandler
                0x000000000800482c                TIM7_IRQHandler
                0x000000000800482c                TIM5_IRQHandler
                0x000000000800482c                TIM15_IRQHandler
                0x000000000800482c                TIM6_DAC1_IRQHandler
                0x000000000800482c                EXTI9_5_IRQHandler
                0x000000000800482c                RTC_WKUP_IRQHandler
                0x000000000800482c                SPI2_IRQHandler
                0x000000000800482c                DMA2_Channel5_IRQHandler
                0x000000000800482c                DMA1_Channel5_IRQHandler
                0x000000000800482c                USB_LP_IRQHandler
                0x000000000800482c                EXTI4_IRQHandler
                0x000000000800482c                COMP1_2_IRQHandler
                0x000000000800482c                TIM18_DAC2_IRQHandler
                0x000000000800482c                DMA1_Channel3_IRQHandler
                0x000000000800482c                WWDG_IRQHandler
                0x000000000800482c                TIM2_IRQHandler
                0x000000000800482c                USART2_IRQHandler
                0x000000000800482c                TIM19_IRQHandler
                0x000000000800482c                I2C2_ER_IRQHandler
                0x000000000800482c                DMA1_Channel2_IRQHandler
                0x000000000800482c                FLASH_IRQHandler
                0x000000000800482c                USART1_IRQHandler
                0x000000000800482c                SPI3_IRQHandler
                0x000000000800482c                CAN_RX0_IRQHandler
                0x000000000800482c                I2C1_ER_IRQHandler
                0x000000000800482c                USBWakeUp_IRQHandler
                0x000000000800482c                DMA2_Channel3_IRQHandler
 *fill*         0x000000000800482e        0x2 
 .text.HAL_Init
                0x0000000008004830       0x2c Drivers/STM32F3xx_HAL_Driver/Src/stm32f3xx_hal.o
                0x0000000008004830                HAL_Init
 .text.HAL_InitTick
                0x000000000800485c       0x60 Drivers/STM32F3xx_HAL_Driver/Src/stm32f3xx_hal.o
                0x000000000800485c                HAL_InitTick
 .text.HAL_IncTick
                0x00000000080048bc       0x28 Drivers/STM32F3xx_HAL_Driver/Src/stm32f3xx_hal.o
                0x00000000080048bc                HAL_IncTick
 .text.HAL_GetTick
                0x00000000080048e4       0x18 Drivers/STM32F3xx_HAL_Driver/Src/stm32f3xx_hal.o
                0x00000000080048e4                HAL_GetTick
 .text.HAL_Delay
                0x00000000080048fc       0x48 Drivers/STM32F3xx_HAL_Driver/Src/stm32f3xx_hal.o
                0x00000000080048fc                HAL_Delay
 .text.HAL_CAN_Init
                0x0000000008004944      0x1f6 Drivers/STM32F3xx_HAL_Driver/Src/stm32f3xx_hal_can.o
                0x0000000008004944                HAL_CAN_Init
 .text.HAL_CAN_ConfigFilter
                0x0000000008004b3a      0x194 Drivers/STM32F3xx_HAL_Driver/Src/stm32f3xx_hal_can.o
                0x0000000008004b3a                HAL_CAN_ConfigFilter
 .text.HAL_CAN_Start
                0x0000000008004cce       0x88 Drivers/STM32F3xx_HAL_Driver/Src/stm32f3xx_hal_can.o
                0x0000000008004cce                HAL_CAN_Start
 .text.HAL_CAN_Stop
                0x0000000008004d56       0x92 Drivers/STM32F3xx_HAL_Driver/Src/stm32f3xx_hal_can.o
                0x0000000008004d56                HAL_CAN_Stop
 .text.HAL_CAN_AddTxMessage
                0x0000000008004de8      0x1b6 Drivers/STM32F3xx_HAL_Driver/Src/stm32f3xx_hal_can.o
                0x0000000008004de8                HAL_CAN_AddTxMessage
 *fill*         0x0000000008004f9e        0x2 
 .text.__NVIC_SetPriorityGrouping
                0x0000000008004fa0       0x48 Drivers/STM32F3xx_HAL_Driver/Src/stm32f3xx_hal_cortex.o
 .text.__NVIC_GetPriorityGrouping
                0x0000000008004fe8       0x1c Drivers/STM32F3xx_HAL_Driver/Src/stm32f3xx_hal_cortex.o
 .text.__NVIC_EnableIRQ
                0x0000000008005004       0x3c Drivers/STM32F3xx_HAL_Driver/Src/stm32f3xx_hal_cortex.o
 .text.__NVIC_SetPriority
                0x0000000008005040       0x54 Drivers/STM32F3xx_HAL_Driver/Src/stm32f3xx_hal_cortex.o
 .text.NVIC_EncodePriority
                0x0000000008005094       0x66 Drivers/STM32F3xx_HAL_Driver/Src/stm32f3xx_hal_cortex.o
 *fill*         0x00000000080050fa        0x2 
 .text.SysTick_Config
                0x00000000080050fc       0x44 Drivers/STM32F3xx_HAL_Driver/Src/stm32f3xx_hal_cortex.o
 .text.HAL_NVIC_SetPriorityGrouping
                0x0000000008005140       0x16 Drivers/STM32F3xx_HAL_Driver/Src/stm32f3xx_hal_cortex.o
                0x0000000008005140                HAL_NVIC_SetPriorityGrouping
 .text.HAL_NVIC_SetPriority
                0x0000000008005156       0x38 Drivers/STM32F3xx_HAL_Driver/Src/stm32f3xx_hal_cortex.o
                0x0000000008005156                HAL_NVIC_SetPriority
 .text.HAL_NVIC_EnableIRQ
                0x000000000800518e       0x1c Drivers/STM32F3xx_HAL_Driver/Src/stm32f3xx_hal_cortex.o
                0x000000000800518e                HAL_NVIC_EnableIRQ
 .text.HAL_SYSTICK_Config
                0x00000000080051aa       0x18 Drivers/STM32F3xx_HAL_Driver/Src/stm32f3xx_hal_cortex.o
                0x00000000080051aa                HAL_SYSTICK_Config
 *fill*         0x00000000080051c2        0x2 
 .text.HAL_FLASH_Program
                0x00000000080051c4       0xe0 Drivers/STM32F3xx_HAL_Driver/Src/stm32f3xx_hal_flash.o
                0x00000000080051c4                HAL_FLASH_Program
 .text.HAL_FLASH_Unlock
                0x00000000080052a4       0x4c Drivers/STM32F3xx_HAL_Driver/Src/stm32f3xx_hal_flash.o
                0x00000000080052a4                HAL_FLASH_Unlock
 .text.HAL_FLASH_Lock
                0x00000000080052f0       0x20 Drivers/STM32F3xx_HAL_Driver/Src/stm32f3xx_hal_flash.o
                0x00000000080052f0                HAL_FLASH_Lock
 .text.FLASH_Program_HalfWord
                0x0000000008005310       0x38 Drivers/STM32F3xx_HAL_Driver/Src/stm32f3xx_hal_flash.o
 .text.FLASH_WaitForLastOperation
                0x0000000008005348       0x80 Drivers/STM32F3xx_HAL_Driver/Src/stm32f3xx_hal_flash.o
                0x0000000008005348                FLASH_WaitForLastOperation
 .text.FLASH_SetErrorCode
                0x00000000080053c8       0x64 Drivers/STM32F3xx_HAL_Driver/Src/stm32f3xx_hal_flash.o
 .text.HAL_FLASHEx_Erase
                0x000000000800542c       0xd4 Drivers/STM32F3xx_HAL_Driver/Src/stm32f3xx_hal_flash_ex.o
                0x000000000800542c                HAL_FLASHEx_Erase
 .text.FLASH_MassErase
                0x0000000008005500       0x34 Drivers/STM32F3xx_HAL_Driver/Src/stm32f3xx_hal_flash_ex.o
 .text.FLASH_PageErase
                0x0000000008005534       0x40 Drivers/STM32F3xx_HAL_Driver/Src/stm32f3xx_hal_flash_ex.o
                0x0000000008005534                FLASH_PageErase
 .text.HAL_GPIO_Init
                0x0000000008005574      0x2f4 Drivers/STM32F3xx_HAL_Driver/Src/stm32f3xx_hal_gpio.o
                0x0000000008005574                HAL_GPIO_Init
 .text.HAL_GPIO_ReadPin
                0x0000000008005868       0x30 Drivers/STM32F3xx_HAL_Driver/Src/stm32f3xx_hal_gpio.o
                0x0000000008005868                HAL_GPIO_ReadPin
 .text.HAL_GPIO_WritePin
                0x0000000008005898       0x30 Drivers/STM32F3xx_HAL_Driver/Src/stm32f3xx_hal_gpio.o
                0x0000000008005898                HAL_GPIO_WritePin
 .text.HAL_GPIO_EXTI_IRQHandler
                0x00000000080058c8       0x30 Drivers/STM32F3xx_HAL_Driver/Src/stm32f3xx_hal_gpio.o
                0x00000000080058c8                HAL_GPIO_EXTI_IRQHandler
 .text.HAL_PWREx_EnableSDADC
                0x00000000080058f8       0x40 Drivers/STM32F3xx_HAL_Driver/Src/stm32f3xx_hal_pwr_ex.o
                0x00000000080058f8                HAL_PWREx_EnableSDADC
 .text.HAL_RCC_OscConfig
                0x0000000008005938      0xe10 Drivers/STM32F3xx_HAL_Driver/Src/stm32f3xx_hal_rcc.o
                0x0000000008005938                HAL_RCC_OscConfig
 .text.HAL_RCC_ClockConfig
                0x0000000008006748      0x2f8 Drivers/STM32F3xx_HAL_Driver/Src/stm32f3xx_hal_rcc.o
                0x0000000008006748                HAL_RCC_ClockConfig
 .text.HAL_RCC_GetSysClockFreq
                0x0000000008006a40       0xd8 Drivers/STM32F3xx_HAL_Driver/Src/stm32f3xx_hal_rcc.o
                0x0000000008006a40                HAL_RCC_GetSysClockFreq
 .text.HAL_RCCEx_PeriphCLKConfig
                0x0000000008006b18      0x2e8 Drivers/STM32F3xx_HAL_Driver/Src/stm32f3xx_hal_rcc_ex.o
                0x0000000008006b18                HAL_RCCEx_PeriphCLKConfig
 .text.HAL_SDADC_Init
                0x0000000008006e00      0x108 Drivers/STM32F3xx_HAL_Driver/Src/stm32f3xx_hal_sdadc.o
                0x0000000008006e00                HAL_SDADC_Init
 .text.HAL_SDADC_PrepareChannelConfig
                0x0000000008006f08       0x76 Drivers/STM32F3xx_HAL_Driver/Src/stm32f3xx_hal_sdadc.o
                0x0000000008006f08                HAL_SDADC_PrepareChannelConfig
 *fill*         0x0000000008006f7e        0x2 
 .text.HAL_SDADC_AssociateChannelConfig
                0x0000000008006f80       0xa0 Drivers/STM32F3xx_HAL_Driver/Src/stm32f3xx_hal_sdadc.o
                0x0000000008006f80                HAL_SDADC_AssociateChannelConfig
 .text.HAL_SDADC_ConfigChannel
                0x0000000008007020       0x88 Drivers/STM32F3xx_HAL_Driver/Src/stm32f3xx_hal_sdadc.o
                0x0000000008007020                HAL_SDADC_ConfigChannel
 .text.HAL_SDADC_CalibrationStart
                0x00000000080070a8       0x80 Drivers/STM32F3xx_HAL_Driver/Src/stm32f3xx_hal_sdadc.o
                0x00000000080070a8                HAL_SDADC_CalibrationStart
 .text.HAL_SDADC_PollForCalibEvent
                0x0000000008007128       0x72 Drivers/STM32F3xx_HAL_Driver/Src/stm32f3xx_hal_sdadc.o
                0x0000000008007128                HAL_SDADC_PollForCalibEvent
 .text.HAL_SDADC_Start_IT
                0x000000000800719a       0x46 Drivers/STM32F3xx_HAL_Driver/Src/stm32f3xx_hal_sdadc.o
                0x000000000800719a                HAL_SDADC_Start_IT
 .text.HAL_SDADC_GetValue
                0x00000000080071e0       0x1a Drivers/STM32F3xx_HAL_Driver/Src/stm32f3xx_hal_sdadc.o
                0x00000000080071e0                HAL_SDADC_GetValue
 .text.HAL_SDADC_IRQHandler
                0x00000000080071fa      0x1aa Drivers/STM32F3xx_HAL_Driver/Src/stm32f3xx_hal_sdadc.o
                0x00000000080071fa                HAL_SDADC_IRQHandler
 .text.HAL_SDADC_CalibrationCpltCallback
                0x00000000080073a4       0x14 Drivers/STM32F3xx_HAL_Driver/Src/stm32f3xx_hal_sdadc.o
                0x00000000080073a4                HAL_SDADC_CalibrationCpltCallback
 .text.HAL_SDADC_InjectedConvCpltCallback
                0x00000000080073b8       0x14 Drivers/STM32F3xx_HAL_Driver/Src/stm32f3xx_hal_sdadc.o
                0x00000000080073b8                HAL_SDADC_InjectedConvCpltCallback
 .text.HAL_SDADC_ErrorCallback
                0x00000000080073cc       0x14 Drivers/STM32F3xx_HAL_Driver/Src/stm32f3xx_hal_sdadc.o
                0x00000000080073cc                HAL_SDADC_ErrorCallback
 .text.SDADC_EnterInitMode
                0x00000000080073e0       0x46 Drivers/STM32F3xx_HAL_Driver/Src/stm32f3xx_hal_sdadc.o
 .text.SDADC_ExitInitMode
                0x0000000008007426       0x24 Drivers/STM32F3xx_HAL_Driver/Src/stm32f3xx_hal_sdadc.o
 .text.SDADC_RegConvStart
                0x000000000800744a       0x7c Drivers/STM32F3xx_HAL_Driver/Src/stm32f3xx_hal_sdadc.o
 .text.HAL_TIM_Base_Init
                0x00000000080074c6       0x9e Drivers/STM32F3xx_HAL_Driver/Src/stm32f3xx_hal_tim.o
                0x00000000080074c6                HAL_TIM_Base_Init
 .text.HAL_TIM_Base_Start
                0x0000000008007564       0xc0 Drivers/STM32F3xx_HAL_Driver/Src/stm32f3xx_hal_tim.o
                0x0000000008007564                HAL_TIM_Base_Start
 .text.HAL_TIM_Base_Start_IT
                0x0000000008007624       0xd0 Drivers/STM32F3xx_HAL_Driver/Src/stm32f3xx_hal_tim.o
                0x0000000008007624                HAL_TIM_Base_Start_IT
 .text.HAL_TIM_IRQHandler
                0x00000000080076f4      0x210 Drivers/STM32F3xx_HAL_Driver/Src/stm32f3xx_hal_tim.o
                0x00000000080076f4                HAL_TIM_IRQHandler
 .text.HAL_TIM_ConfigClockSource
                0x0000000008007904      0x188 Drivers/STM32F3xx_HAL_Driver/Src/stm32f3xx_hal_tim.o
                0x0000000008007904                HAL_TIM_ConfigClockSource
 .text.HAL_TIM_OC_DelayElapsedCallback
                0x0000000008007a8c       0x14 Drivers/STM32F3xx_HAL_Driver/Src/stm32f3xx_hal_tim.o
                0x0000000008007a8c                HAL_TIM_OC_DelayElapsedCallback
 .text.HAL_TIM_IC_CaptureCallback
                0x0000000008007aa0       0x14 Drivers/STM32F3xx_HAL_Driver/Src/stm32f3xx_hal_tim.o
                0x0000000008007aa0                HAL_TIM_IC_CaptureCallback
 .text.HAL_TIM_PWM_PulseFinishedCallback
                0x0000000008007ab4       0x14 Drivers/STM32F3xx_HAL_Driver/Src/stm32f3xx_hal_tim.o
                0x0000000008007ab4                HAL_TIM_PWM_PulseFinishedCallback
 .text.HAL_TIM_TriggerCallback
                0x0000000008007ac8       0x14 Drivers/STM32F3xx_HAL_Driver/Src/stm32f3xx_hal_tim.o
                0x0000000008007ac8                HAL_TIM_TriggerCallback
 .text.TIM_Base_SetConfig
                0x0000000008007adc      0x134 Drivers/STM32F3xx_HAL_Driver/Src/stm32f3xx_hal_tim.o
                0x0000000008007adc                TIM_Base_SetConfig
 .text.TIM_TI1_ConfigInputStage
                0x0000000008007c10       0x5e Drivers/STM32F3xx_HAL_Driver/Src/stm32f3xx_hal_tim.o
 .text.TIM_TI2_ConfigInputStage
                0x0000000008007c6e       0x60 Drivers/STM32F3xx_HAL_Driver/Src/stm32f3xx_hal_tim.o
 .text.TIM_ITRx_SetConfig
                0x0000000008007cce       0x36 Drivers/STM32F3xx_HAL_Driver/Src/stm32f3xx_hal_tim.o
 .text.TIM_ETR_SetConfig
                0x0000000008007d04       0x40 Drivers/STM32F3xx_HAL_Driver/Src/stm32f3xx_hal_tim.o
                0x0000000008007d04                TIM_ETR_SetConfig
 .text.HAL_TIMEx_MasterConfigSynchronization
                0x0000000008007d44       0xe8 Drivers/STM32F3xx_HAL_Driver/Src/stm32f3xx_hal_tim_ex.o
                0x0000000008007d44                HAL_TIMEx_MasterConfigSynchronization
 .text.HAL_TIMEx_CommutCallback
                0x0000000008007e2c       0x14 Drivers/STM32F3xx_HAL_Driver/Src/stm32f3xx_hal_tim_ex.o
                0x0000000008007e2c                HAL_TIMEx_CommutCallback
 .text.HAL_TIMEx_BreakCallback
                0x0000000008007e40       0x14 Drivers/STM32F3xx_HAL_Driver/Src/stm32f3xx_hal_tim_ex.o
                0x0000000008007e40                HAL_TIMEx_BreakCallback
 .text.__errno  0x0000000008007e54        0xc c:/st/stm32cubeide_1.6.1/stm32cubeide/plugins/com.st.stm32cube.ide.mcu.externaltools.gnu-tools-for-stm32.9-2020-q2-update.win32_1.5.0.202011040924/tools/bin/../lib/gcc/arm-none-eabi/9.3.1/../../../../arm-none-eabi/lib/thumb/v7e-m+fp/hard\libc_nano.a(lib_a-errno.o)
                0x0000000008007e54                __errno
 .text.__libc_init_array
                0x0000000008007e60       0x48 c:/st/stm32cubeide_1.6.1/stm32cubeide/plugins/com.st.stm32cube.ide.mcu.externaltools.gnu-tools-for-stm32.9-2020-q2-update.win32_1.5.0.202011040924/tools/bin/../lib/gcc/arm-none-eabi/9.3.1/../../../../arm-none-eabi/lib/thumb/v7e-m+fp/hard\libc_nano.a(lib_a-init.o)
                0x0000000008007e60                __libc_init_array
 .text.memset   0x0000000008007ea8       0x10 c:/st/stm32cubeide_1.6.1/stm32cubeide/plugins/com.st.stm32cube.ide.mcu.externaltools.gnu-tools-for-stm32.9-2020-q2-update.win32_1.5.0.202011040924/tools/bin/../lib/gcc/arm-none-eabi/9.3.1/../../../../arm-none-eabi/lib/thumb/v7e-m+fp/hard\libc_nano.a(lib_a-memset.o)
                0x0000000008007ea8                memset
 .text.sprintf  0x0000000008007eb8       0x40 c:/st/stm32cubeide_1.6.1/stm32cubeide/plugins/com.st.stm32cube.ide.mcu.externaltools.gnu-tools-for-stm32.9-2020-q2-update.win32_1.5.0.202011040924/tools/bin/../lib/gcc/arm-none-eabi/9.3.1/../../../../arm-none-eabi/lib/thumb/v7e-m+fp/hard\libc_nano.a(lib_a-sprintf.o)
                0x0000000008007eb8                siprintf
                0x0000000008007eb8                sprintf
 .text.strcat   0x0000000008007ef8       0x1e c:/st/stm32cubeide_1.6.1/stm32cubeide/plugins/com.st.stm32cube.ide.mcu.externaltools.gnu-tools-for-stm32.9-2020-q2-update.win32_1.5.0.202011040924/tools/bin/../lib/gcc/arm-none-eabi/9.3.1/../../../../arm-none-eabi/lib/thumb/v7e-m+fp/hard\libc_nano.a(lib_a-strcat.o)
                0x0000000008007ef8                strcat
 .text.strlcat  0x0000000008007f16       0x46 c:/st/stm32cubeide_1.6.1/stm32cubeide/plugins/com.st.stm32cube.ide.mcu.externaltools.gnu-tools-for-stm32.9-2020-q2-update.win32_1.5.0.202011040924/tools/bin/../lib/gcc/arm-none-eabi/9.3.1/../../../../arm-none-eabi/lib/thumb/v7e-m+fp/hard\libc_nano.a(lib_a-strlcat.o)
                0x0000000008007f16                strlcat
 .text.strlcpy  0x0000000008007f5c       0x2a c:/st/stm32cubeide_1.6.1/stm32cubeide/plugins/com.st.stm32cube.ide.mcu.externaltools.gnu-tools-for-stm32.9-2020-q2-update.win32_1.5.0.202011040924/tools/bin/../lib/gcc/arm-none-eabi/9.3.1/../../../../arm-none-eabi/lib/thumb/v7e-m+fp/hard\libc_nano.a(lib_a-strlcpy.o)
                0x0000000008007f5c                strlcpy
 .text.strncpy  0x0000000008007f86       0x26 c:/st/stm32cubeide_1.6.1/stm32cubeide/plugins/com.st.stm32cube.ide.mcu.externaltools.gnu-tools-for-stm32.9-2020-q2-update.win32_1.5.0.202011040924/tools/bin/../lib/gcc/arm-none-eabi/9.3.1/../../../../arm-none-eabi/lib/thumb/v7e-m+fp/hard\libc_nano.a(lib_a-strncpy.o)
                0x0000000008007f86                strncpy
 .text.__ssputs_r
                0x0000000008007fac       0xb6 c:/st/stm32cubeide_1.6.1/stm32cubeide/plugins/com.st.stm32cube.ide.mcu.externaltools.gnu-tools-for-stm32.9-2020-q2-update.win32_1.5.0.202011040924/tools/bin/../lib/gcc/arm-none-eabi/9.3.1/../../../../arm-none-eabi/lib/thumb/v7e-m+fp/hard\libc_nano.a(lib_a-nano-svfprintf.o)
                0x0000000008007fac                __ssputs_r
 *fill*         0x0000000008008062        0x2 
 .text._svfprintf_r
                0x0000000008008064      0x200 c:/st/stm32cubeide_1.6.1/stm32cubeide/plugins/com.st.stm32cube.ide.mcu.externaltools.gnu-tools-for-stm32.9-2020-q2-update.win32_1.5.0.202011040924/tools/bin/../lib/gcc/arm-none-eabi/9.3.1/../../../../arm-none-eabi/lib/thumb/v7e-m+fp/hard\libc_nano.a(lib_a-nano-svfprintf.o)
                0x0000000008008064                _svfiprintf_r
                0x0000000008008064                _svfprintf_r
 .text._printf_common
                0x0000000008008264       0xda c:/st/stm32cubeide_1.6.1/stm32cubeide/plugins/com.st.stm32cube.ide.mcu.externaltools.gnu-tools-for-stm32.9-2020-q2-update.win32_1.5.0.202011040924/tools/bin/../lib/gcc/arm-none-eabi/9.3.1/../../../../arm-none-eabi/lib/thumb/v7e-m+fp/hard\libc_nano.a(lib_a-nano-vfprintf_i.o)
                0x0000000008008264                _printf_common
 *fill*         0x000000000800833e        0x2 
 .text._printf_i
                0x0000000008008340      0x24c c:/st/stm32cubeide_1.6.1/stm32cubeide/plugins/com.st.stm32cube.ide.mcu.externaltools.gnu-tools-for-stm32.9-2020-q2-update.win32_1.5.0.202011040924/tools/bin/../lib/gcc/arm-none-eabi/9.3.1/../../../../arm-none-eabi/lib/thumb/v7e-m+fp/hard\libc_nano.a(lib_a-nano-vfprintf_i.o)
                0x0000000008008340                _printf_i
 .text.memcpy   0x000000000800858c       0x1c c:/st/stm32cubeide_1.6.1/stm32cubeide/plugins/com.st.stm32cube.ide.mcu.externaltools.gnu-tools-for-stm32.9-2020-q2-update.win32_1.5.0.202011040924/tools/bin/../lib/gcc/arm-none-eabi/9.3.1/../../../../arm-none-eabi/lib/thumb/v7e-m+fp/hard\libc_nano.a(lib_a-memcpy-stub.o)
                0x000000000800858c                memcpy
 .text.memmove  0x00000000080085a8       0x34 c:/st/stm32cubeide_1.6.1/stm32cubeide/plugins/com.st.stm32cube.ide.mcu.externaltools.gnu-tools-for-stm32.9-2020-q2-update.win32_1.5.0.202011040924/tools/bin/../lib/gcc/arm-none-eabi/9.3.1/../../../../arm-none-eabi/lib/thumb/v7e-m+fp/hard\libc_nano.a(lib_a-memmove.o)
                0x00000000080085a8                memmove
 .text._free_r  0x00000000080085dc       0xa0 c:/st/stm32cubeide_1.6.1/stm32cubeide/plugins/com.st.stm32cube.ide.mcu.externaltools.gnu-tools-for-stm32.9-2020-q2-update.win32_1.5.0.202011040924/tools/bin/../lib/gcc/arm-none-eabi/9.3.1/../../../../arm-none-eabi/lib/thumb/v7e-m+fp/hard\libc_nano.a(lib_a-nano-freer.o)
                0x00000000080085dc                _free_r
 .text._malloc_r
                0x000000000800867c       0xb4 c:/st/stm32cubeide_1.6.1/stm32cubeide/plugins/com.st.stm32cube.ide.mcu.externaltools.gnu-tools-for-stm32.9-2020-q2-update.win32_1.5.0.202011040924/tools/bin/../lib/gcc/arm-none-eabi/9.3.1/../../../../arm-none-eabi/lib/thumb/v7e-m+fp/hard\libc_nano.a(lib_a-nano-mallocr.o)
                0x000000000800867c                _malloc_r
 .text._realloc_r
                0x0000000008008730       0x4c c:/st/stm32cubeide_1.6.1/stm32cubeide/plugins/com.st.stm32cube.ide.mcu.externaltools.gnu-tools-for-stm32.9-2020-q2-update.win32_1.5.0.202011040924/tools/bin/../lib/gcc/arm-none-eabi/9.3.1/../../../../arm-none-eabi/lib/thumb/v7e-m+fp/hard\libc_nano.a(lib_a-nano-reallocr.o)
                0x0000000008008730                _realloc_r
 .text._sbrk_r  0x000000000800877c       0x20 c:/st/stm32cubeide_1.6.1/stm32cubeide/plugins/com.st.stm32cube.ide.mcu.externaltools.gnu-tools-for-stm32.9-2020-q2-update.win32_1.5.0.202011040924/tools/bin/../lib/gcc/arm-none-eabi/9.3.1/../../../../arm-none-eabi/lib/thumb/v7e-m+fp/hard\libc_nano.a(lib_a-sbrkr.o)
                0x000000000800877c                _sbrk_r
 .text.__malloc_lock
                0x000000000800879c        0xc c:/st/stm32cubeide_1.6.1/stm32cubeide/plugins/com.st.stm32cube.ide.mcu.externaltools.gnu-tools-for-stm32.9-2020-q2-update.win32_1.5.0.202011040924/tools/bin/../lib/gcc/arm-none-eabi/9.3.1/../../../../arm-none-eabi/lib/thumb/v7e-m+fp/hard\libc_nano.a(lib_a-mlock.o)
                0x000000000800879c                __malloc_lock
 .text.__malloc_unlock
                0x00000000080087a8        0xc c:/st/stm32cubeide_1.6.1/stm32cubeide/plugins/com.st.stm32cube.ide.mcu.externaltools.gnu-tools-for-stm32.9-2020-q2-update.win32_1.5.0.202011040924/tools/bin/../lib/gcc/arm-none-eabi/9.3.1/../../../../arm-none-eabi/lib/thumb/v7e-m+fp/hard\libc_nano.a(lib_a-mlock.o)
                0x00000000080087a8                __malloc_unlock
 .text._malloc_usable_size_r
                0x00000000080087b4       0x10 c:/st/stm32cubeide_1.6.1/stm32cubeide/plugins/com.st.stm32cube.ide.mcu.externaltools.gnu-tools-for-stm32.9-2020-q2-update.win32_1.5.0.202011040924/tools/bin/../lib/gcc/arm-none-eabi/9.3.1/../../../../arm-none-eabi/lib/thumb/v7e-m+fp/hard\libc_nano.a(lib_a-nano-msizer.o)
                0x00000000080087b4                _malloc_usable_size_r
 .text.__retarget_lock_acquire_recursive
                0x00000000080087c4        0x2 c:/st/stm32cubeide_1.6.1/stm32cubeide/plugins/com.st.stm32cube.ide.mcu.externaltools.gnu-tools-for-stm32.9-2020-q2-update.win32_1.5.0.202011040924/tools/bin/../lib/gcc/arm-none-eabi/9.3.1/../../../../arm-none-eabi/lib/thumb/v7e-m+fp/hard\libc_nano.a(lib_a-lock.o)
                0x00000000080087c4                __retarget_lock_acquire_recursive
 .text.__retarget_lock_release_recursive
                0x00000000080087c6        0x2 c:/st/stm32cubeide_1.6.1/stm32cubeide/plugins/com.st.stm32cube.ide.mcu.externaltools.gnu-tools-for-stm32.9-2020-q2-update.win32_1.5.0.202011040924/tools/bin/../lib/gcc/arm-none-eabi/9.3.1/../../../../arm-none-eabi/lib/thumb/v7e-m+fp/hard\libc_nano.a(lib_a-lock.o)
                0x00000000080087c6                __retarget_lock_release_recursive
 .text.log      0x00000000080087c8       0x90 c:/st/stm32cubeide_1.6.1/stm32cubeide/plugins/com.st.stm32cube.ide.mcu.externaltools.gnu-tools-for-stm32.9-2020-q2-update.win32_1.5.0.202011040924/tools/bin/../lib/gcc/arm-none-eabi/9.3.1/../../../../arm-none-eabi/lib/thumb/v7e-m+fp/hard\libm.a(lib_a-w_log.o)
                0x00000000080087c8                log
 .text.pow      0x0000000008008858      0x15c c:/st/stm32cubeide_1.6.1/stm32cubeide/plugins/com.st.stm32cube.ide.mcu.externaltools.gnu-tools-for-stm32.9-2020-q2-update.win32_1.5.0.202011040924/tools/bin/../lib/gcc/arm-none-eabi/9.3.1/../../../../arm-none-eabi/lib/thumb/v7e-m+fp/hard\libm.a(lib_a-w_pow.o)
                0x0000000008008858                pow
 *fill*         0x00000000080089b4        0x4 
 .text.__ieee754_log
                0x00000000080089b8      0x374 c:/st/stm32cubeide_1.6.1/stm32cubeide/plugins/com.st.stm32cube.ide.mcu.externaltools.gnu-tools-for-stm32.9-2020-q2-update.win32_1.5.0.202011040924/tools/bin/../lib/gcc/arm-none-eabi/9.3.1/../../../../arm-none-eabi/lib/thumb/v7e-m+fp/hard\libm.a(lib_a-e_log.o)
                0x00000000080089b8                __ieee754_log
 *fill*         0x0000000008008d2c        0x4 
 .text.__ieee754_pow
                0x0000000008008d30      0xa44 c:/st/stm32cubeide_1.6.1/stm32cubeide/plugins/com.st.stm32cube.ide.mcu.externaltools.gnu-tools-for-stm32.9-2020-q2-update.win32_1.5.0.202011040924/tools/bin/../lib/gcc/arm-none-eabi/9.3.1/../../../../arm-none-eabi/lib/thumb/v7e-m+fp/hard\libm.a(lib_a-e_pow.o)
                0x0000000008008d30                __ieee754_pow
 .text.__ieee754_sqrt
                0x0000000008009774      0x168 c:/st/stm32cubeide_1.6.1/stm32cubeide/plugins/com.st.stm32cube.ide.mcu.externaltools.gnu-tools-for-stm32.9-2020-q2-update.win32_1.5.0.202011040924/tools/bin/../lib/gcc/arm-none-eabi/9.3.1/../../../../arm-none-eabi/lib/thumb/v7e-m+fp/hard\libm.a(lib_a-e_sqrt.o)
                0x0000000008009774                __ieee754_sqrt
 .text.fabs     0x00000000080098dc       0x12 c:/st/stm32cubeide_1.6.1/stm32cubeide/plugins/com.st.stm32cube.ide.mcu.externaltools.gnu-tools-for-stm32.9-2020-q2-update.win32_1.5.0.202011040924/tools/bin/../lib/gcc/arm-none-eabi/9.3.1/../../../../arm-none-eabi/lib/thumb/v7e-m+fp/hard\libm.a(lib_a-s_fabs.o)
                0x00000000080098dc                fabs
 .text.finite   0x00000000080098ee       0x16 c:/st/stm32cubeide_1.6.1/stm32cubeide/plugins/com.st.stm32cube.ide.mcu.externaltools.gnu-tools-for-stm32.9-2020-q2-update.win32_1.5.0.202011040924/tools/bin/../lib/gcc/arm-none-eabi/9.3.1/../../../../arm-none-eabi/lib/thumb/v7e-m+fp/hard\libm.a(lib_a-s_finite.o)
                0x00000000080098ee                finite
 *fill*         0x0000000008009904        0x4 
 .text.nan      0x0000000008009908       0x10 c:/st/stm32cubeide_1.6.1/stm32cubeide/plugins/com.st.stm32cube.ide.mcu.externaltools.gnu-tools-for-stm32.9-2020-q2-update.win32_1.5.0.202011040924/tools/bin/../lib/gcc/arm-none-eabi/9.3.1/../../../../arm-none-eabi/lib/thumb/v7e-m+fp/hard\libm.a(lib_a-s_nan.o)
                0x0000000008009908                nan
 .text.rint     0x0000000008009918      0x114 c:/st/stm32cubeide_1.6.1/stm32cubeide/plugins/com.st.stm32cube.ide.mcu.externaltools.gnu-tools-for-stm32.9-2020-q2-update.win32_1.5.0.202011040924/tools/bin/../lib/gcc/arm-none-eabi/9.3.1/../../../../arm-none-eabi/lib/thumb/v7e-m+fp/hard\libm.a(lib_a-s_rint.o)
                0x0000000008009918                rint
 *fill*         0x0000000008009a2c        0x4 
 .text.scalbn   0x0000000008009a30      0x10c c:/st/stm32cubeide_1.6.1/stm32cubeide/plugins/com.st.stm32cube.ide.mcu.externaltools.gnu-tools-for-stm32.9-2020-q2-update.win32_1.5.0.202011040924/tools/bin/../lib/gcc/arm-none-eabi/9.3.1/../../../../arm-none-eabi/lib/thumb/v7e-m+fp/hard\libm.a(lib_a-s_scalbn.o)
                0x0000000008009a30                scalbn
 *(.glue_7)
 .glue_7        0x0000000008009b3c        0x0 linker stubs
 *(.glue_7t)
 .glue_7t       0x0000000008009b3c        0x0 linker stubs
 *(.eh_frame)
 .eh_frame      0x0000000008009b3c        0x0 c:/st/stm32cubeide_1.6.1/stm32cubeide/plugins/com.st.stm32cube.ide.mcu.externaltools.gnu-tools-for-stm32.9-2020-q2-update.win32_1.5.0.202011040924/tools/bin/../lib/gcc/arm-none-eabi/9.3.1/thumb/v7e-m+fp/hard/crtbegin.o
 *(.init)
 .init          0x0000000008009b3c        0x4 c:/st/stm32cubeide_1.6.1/stm32cubeide/plugins/com.st.stm32cube.ide.mcu.externaltools.gnu-tools-for-stm32.9-2020-q2-update.win32_1.5.0.202011040924/tools/bin/../lib/gcc/arm-none-eabi/9.3.1/thumb/v7e-m+fp/hard/crti.o
                0x0000000008009b3c                _init
 .init          0x0000000008009b40        0x8 c:/st/stm32cubeide_1.6.1/stm32cubeide/plugins/com.st.stm32cube.ide.mcu.externaltools.gnu-tools-for-stm32.9-2020-q2-update.win32_1.5.0.202011040924/tools/bin/../lib/gcc/arm-none-eabi/9.3.1/thumb/v7e-m+fp/hard/crtn.o
 *(.fini)
 .fini          0x0000000008009b48        0x4 c:/st/stm32cubeide_1.6.1/stm32cubeide/plugins/com.st.stm32cube.ide.mcu.externaltools.gnu-tools-for-stm32.9-2020-q2-update.win32_1.5.0.202011040924/tools/bin/../lib/gcc/arm-none-eabi/9.3.1/thumb/v7e-m+fp/hard/crti.o
                0x0000000008009b48                _fini
 .fini          0x0000000008009b4c        0x8 c:/st/stm32cubeide_1.6.1/stm32cubeide/plugins/com.st.stm32cube.ide.mcu.externaltools.gnu-tools-for-stm32.9-2020-q2-update.win32_1.5.0.202011040924/tools/bin/../lib/gcc/arm-none-eabi/9.3.1/thumb/v7e-m+fp/hard/crtn.o
                0x0000000008009b54                . = ALIGN (0x4)
                0x0000000008009b54                _etext = .

.vfp11_veneer   0x0000000008009b54        0x0
 .vfp11_veneer  0x0000000008009b54        0x0 linker stubs

.v4_bx          0x0000000008009b54        0x0
 .v4_bx         0x0000000008009b54        0x0 linker stubs

.iplt           0x0000000008009b54        0x0
 .iplt          0x0000000008009b54        0x0 c:/st/stm32cubeide_1.6.1/stm32cubeide/plugins/com.st.stm32cube.ide.mcu.externaltools.gnu-tools-for-stm32.9-2020-q2-update.win32_1.5.0.202011040924/tools/bin/../lib/gcc/arm-none-eabi/9.3.1/thumb/v7e-m+fp/hard/crtbegin.o

.rodata         0x0000000008009b58      0x260
                0x0000000008009b58                . = ALIGN (0x4)
 *(.rodata)
 .rodata        0x0000000008009b58      0x1a9 Core/Src/main.o
 *(.rodata*)
 *fill*         0x0000000008009d01        0x3 
 .rodata.baud_rates
                0x0000000008009d04       0x10 Core/Src/main.o
                0x0000000008009d04                baud_rates
 .rodata.AHBPrescTable
                0x0000000008009d14       0x10 Core/Src/system_stm32f3xx.o
                0x0000000008009d14                AHBPrescTable
 .rodata.aPLLMULFactorTable
                0x0000000008009d24       0x10 Drivers/STM32F3xx_HAL_Driver/Src/stm32f3xx_hal_rcc.o
                0x0000000008009d24                aPLLMULFactorTable
 .rodata.aPredivFactorTable
                0x0000000008009d34       0x10 Drivers/STM32F3xx_HAL_Driver/Src/stm32f3xx_hal_rcc.o
                0x0000000008009d34                aPredivFactorTable
 .rodata._svfprintf_r.str1.1
                0x0000000008009d44       0x11 c:/st/stm32cubeide_1.6.1/stm32cubeide/plugins/com.st.stm32cube.ide.mcu.externaltools.gnu-tools-for-stm32.9-2020-q2-update.win32_1.5.0.202011040924/tools/bin/../lib/gcc/arm-none-eabi/9.3.1/../../../../arm-none-eabi/lib/thumb/v7e-m+fp/hard\libc_nano.a(lib_a-nano-svfprintf.o)
 .rodata._printf_i.str1.1
                0x0000000008009d55       0x22 c:/st/stm32cubeide_1.6.1/stm32cubeide/plugins/com.st.stm32cube.ide.mcu.externaltools.gnu-tools-for-stm32.9-2020-q2-update.win32_1.5.0.202011040924/tools/bin/../lib/gcc/arm-none-eabi/9.3.1/../../../../arm-none-eabi/lib/thumb/v7e-m+fp/hard\libc_nano.a(lib_a-nano-vfprintf_i.o)
 .rodata.log.str1.1
                0x0000000008009d77       0x22 c:/st/stm32cubeide_1.6.1/stm32cubeide/plugins/com.st.stm32cube.ide.mcu.externaltools.gnu-tools-for-stm32.9-2020-q2-update.win32_1.5.0.202011040924/tools/bin/../lib/gcc/arm-none-eabi/9.3.1/../../../../arm-none-eabi/lib/thumb/v7e-m+fp/hard\libm.a(lib_a-w_log.o)
                                          0x1 (size before relaxing)
 .rodata.__ieee754_pow.str1.1
                0x0000000008009d77        0x1 c:/st/stm32cubeide_1.6.1/stm32cubeide/plugins/com.st.stm32cube.ide.mcu.externaltools.gnu-tools-for-stm32.9-2020-q2-update.win32_1.5.0.202011040924/tools/bin/../lib/gcc/arm-none-eabi/9.3.1/../../../../arm-none-eabi/lib/thumb/v7e-m+fp/hard\libm.a(lib_a-e_pow.o)
 *fill*         0x0000000008009d77        0x1 
 .rodata.bp     0x0000000008009d78       0x10 c:/st/stm32cubeide_1.6.1/stm32cubeide/plugins/com.st.stm32cube.ide.mcu.externaltools.gnu-tools-for-stm32.9-2020-q2-update.win32_1.5.0.202011040924/tools/bin/../lib/gcc/arm-none-eabi/9.3.1/../../../../arm-none-eabi/lib/thumb/v7e-m+fp/hard\libm.a(lib_a-e_pow.o)
 .rodata.dp_h   0x0000000008009d88       0x10 c:/st/stm32cubeide_1.6.1/stm32cubeide/plugins/com.st.stm32cube.ide.mcu.externaltools.gnu-tools-for-stm32.9-2020-q2-update.win32_1.5.0.202011040924/tools/bin/../lib/gcc/arm-none-eabi/9.3.1/../../../../arm-none-eabi/lib/thumb/v7e-m+fp/hard\libm.a(lib_a-e_pow.o)
 .rodata.dp_l   0x0000000008009d98       0x10 c:/st/stm32cubeide_1.6.1/stm32cubeide/plugins/com.st.stm32cube.ide.mcu.externaltools.gnu-tools-for-stm32.9-2020-q2-update.win32_1.5.0.202011040924/tools/bin/../lib/gcc/arm-none-eabi/9.3.1/../../../../arm-none-eabi/lib/thumb/v7e-m+fp/hard\libm.a(lib_a-e_pow.o)
 .rodata.TWO52  0x0000000008009da8       0x10 c:/st/stm32cubeide_1.6.1/stm32cubeide/plugins/com.st.stm32cube.ide.mcu.externaltools.gnu-tools-for-stm32.9-2020-q2-update.win32_1.5.0.202011040924/tools/bin/../lib/gcc/arm-none-eabi/9.3.1/../../../../arm-none-eabi/lib/thumb/v7e-m+fp/hard\libm.a(lib_a-s_rint.o)
                0x0000000008009db8                . = ALIGN (0x4)

.rel.dyn        0x0000000008009db8        0x0
 .rel.iplt      0x0000000008009db8        0x0 c:/st/stm32cubeide_1.6.1/stm32cubeide/plugins/com.st.stm32cube.ide.mcu.externaltools.gnu-tools-for-stm32.9-2020-q2-update.win32_1.5.0.202011040924/tools/bin/../lib/gcc/arm-none-eabi/9.3.1/thumb/v7e-m+fp/hard/crtbegin.o

.ARM.extab      0x0000000008009db8        0x0
                0x0000000008009db8                . = ALIGN (0x4)
 *(.ARM.extab* .gnu.linkonce.armextab.*)
                0x0000000008009db8                . = ALIGN (0x4)

.ARM            0x0000000008009db8        0x0
                0x0000000008009db8                . = ALIGN (0x4)
                0x0000000008009db8                __exidx_start = .
 *(.ARM.exidx*)
                0x0000000008009db8                __exidx_end = .
                0x0000000008009db8                . = ALIGN (0x4)

.preinit_array  0x0000000008009db8        0x0
                0x0000000008009db8                . = ALIGN (0x4)
                0x0000000008009db8                PROVIDE (__preinit_array_start = .)
 *(.preinit_array*)
                0x0000000008009db8                PROVIDE (__preinit_array_end = .)
                0x0000000008009db8                . = ALIGN (0x4)

.init_array     0x0000000008009db8        0x4
                0x0000000008009db8                . = ALIGN (0x4)
                0x0000000008009db8                PROVIDE (__init_array_start = .)
 *(SORT_BY_NAME(.init_array.*))
 *(.init_array*)
 .init_array    0x0000000008009db8        0x4 c:/st/stm32cubeide_1.6.1/stm32cubeide/plugins/com.st.stm32cube.ide.mcu.externaltools.gnu-tools-for-stm32.9-2020-q2-update.win32_1.5.0.202011040924/tools/bin/../lib/gcc/arm-none-eabi/9.3.1/thumb/v7e-m+fp/hard/crtbegin.o
                0x0000000008009dbc                PROVIDE (__init_array_end = .)
                0x0000000008009dbc                . = ALIGN (0x4)

.fini_array     0x0000000008009dbc        0x4
                0x0000000008009dbc                . = ALIGN (0x4)
                [!provide]                        PROVIDE (__fini_array_start = .)
 *(SORT_BY_NAME(.fini_array.*))
 *(.fini_array*)
 .fini_array    0x0000000008009dbc        0x4 c:/st/stm32cubeide_1.6.1/stm32cubeide/plugins/com.st.stm32cube.ide.mcu.externaltools.gnu-tools-for-stm32.9-2020-q2-update.win32_1.5.0.202011040924/tools/bin/../lib/gcc/arm-none-eabi/9.3.1/thumb/v7e-m+fp/hard/crtbegin.o
                [!provide]                        PROVIDE (__fini_array_end = .)
                0x0000000008009dc0                . = ALIGN (0x4)
                0x0000000008009dc0                _sidata = LOADADDR (.data)

.data           0x0000000020000000      0x1ec load address 0x0000000008009dc0
                0x0000000020000000                . = ALIGN (0x4)
                0x0000000020000000                _sdata = .
 *(.data)
 *(.data*)
 .data.PSC      0x0000000020000000        0x1 Core/Src/main.o
                0x0000000020000000                PSC
 .data.can_enabled
                0x0000000020000001        0x1 Core/Src/main.o
                0x0000000020000001                can_enabled
 .data.analog_1_enabled
                0x0000000020000002        0x1 Core/Src/main.o
                0x0000000020000002                analog_1_enabled
 .data.analog_2_enabled
                0x0000000020000003        0x1 Core/Src/main.o
                0x0000000020000003                analog_2_enabled
 .data.analog_3_enabled
                0x0000000020000004        0x1 Core/Src/main.o
                0x0000000020000004                analog_3_enabled
 *fill*         0x0000000020000005        0x3 
 .data.offset_scalar_1
                0x0000000020000008        0x4 Core/Src/main.o
                0x0000000020000008                offset_scalar_1
 .data.offset_scalar_2
                0x000000002000000c        0x4 Core/Src/main.o
                0x000000002000000c                offset_scalar_2
 .data.offset_scalar_3
                0x0000000020000010        0x4 Core/Src/main.o
                0x0000000020000010                offset_scalar_3
 .data.data_arr_length
                0x0000000020000014        0x2 Core/Src/main.o
                0x0000000020000014                data_arr_length
 *fill*         0x0000000020000016        0x2 
 .data.main_menu
                0x0000000020000018       0x44 Core/Src/main.o
                0x0000000020000018                main_menu
 .data.can_menu
                0x000000002000005c       0x66 Core/Src/main.o
                0x000000002000005c                can_menu
 *fill*         0x00000000200000c2        0x2 
 .data.analog_menu
                0x00000000200000c4       0xaa Core/Src/main.o
                0x00000000200000c4                analog_menu
 .data.in_main_menu
                0x000000002000016e        0x1 Core/Src/main.o
                0x000000002000016e                in_main_menu
 .data.baud_pos
                0x000000002000016f        0x1 Core/Src/main.o
                0x000000002000016f                baud_pos
 .data.us       0x0000000020000170        0x2 Core/Src/main.o
                0x0000000020000170                us
 .data.sample_rate
                0x0000000020000172        0x2 Core/Src/main.o
                0x0000000020000172                sample_rate
 .data.debounce_delay
                0x0000000020000174        0x2 Core/Src/main.o
                0x0000000020000174                debounce_delay
 *fill*         0x0000000020000176        0x2 
 .data.SystemCoreClock
                0x0000000020000178        0x4 Core/Src/system_stm32f3xx.o
                0x0000000020000178                SystemCoreClock
 .data.uwTickPrio
                0x000000002000017c        0x4 Drivers/STM32F3xx_HAL_Driver/Src/stm32f3xx_hal.o
                0x000000002000017c                uwTickPrio
 .data.uwTickFreq
                0x0000000020000180        0x1 Drivers/STM32F3xx_HAL_Driver/Src/stm32f3xx_hal.o
                0x0000000020000180                uwTickFreq
 *fill*         0x0000000020000181        0x3 
 .data._impure_ptr
                0x0000000020000184        0x4 c:/st/stm32cubeide_1.6.1/stm32cubeide/plugins/com.st.stm32cube.ide.mcu.externaltools.gnu-tools-for-stm32.9-2020-q2-update.win32_1.5.0.202011040924/tools/bin/../lib/gcc/arm-none-eabi/9.3.1/../../../../arm-none-eabi/lib/thumb/v7e-m+fp/hard\libc_nano.a(lib_a-impure.o)
                0x0000000020000184                _impure_ptr
 .data.impure_data
                0x0000000020000188       0x60 c:/st/stm32cubeide_1.6.1/stm32cubeide/plugins/com.st.stm32cube.ide.mcu.externaltools.gnu-tools-for-stm32.9-2020-q2-update.win32_1.5.0.202011040924/tools/bin/../lib/gcc/arm-none-eabi/9.3.1/../../../../arm-none-eabi/lib/thumb/v7e-m+fp/hard\libc_nano.a(lib_a-impure.o)
 .data.__fdlib_version
                0x00000000200001e8        0x1 c:/st/stm32cubeide_1.6.1/stm32cubeide/plugins/com.st.stm32cube.ide.mcu.externaltools.gnu-tools-for-stm32.9-2020-q2-update.win32_1.5.0.202011040924/tools/bin/../lib/gcc/arm-none-eabi/9.3.1/../../../../arm-none-eabi/lib/thumb/v7e-m+fp/hard\libm.a(lib_a-s_lib_ver.o)
                0x00000000200001e8                __fdlib_version
 *(.RamFunc)
 *(.RamFunc*)
                0x00000000200001ec                . = ALIGN (0x4)
 *fill*         0x00000000200001e9        0x3 
                0x00000000200001ec                _edata = .

.igot.plt       0x00000000200001ec        0x0 load address 0x0000000008009fac
 .igot.plt      0x00000000200001ec        0x0 c:/st/stm32cubeide_1.6.1/stm32cubeide/plugins/com.st.stm32cube.ide.mcu.externaltools.gnu-tools-for-stm32.9-2020-q2-update.win32_1.5.0.202011040924/tools/bin/../lib/gcc/arm-none-eabi/9.3.1/thumb/v7e-m+fp/hard/crtbegin.o
                0x00000000200001ec                . = ALIGN (0x4)

.bss            0x00000000200001f0     0x6300 load address 0x0000000008009fac
                0x00000000200001f0                _sbss = .
                0x00000000200001f0                __bss_start__ = _sbss
 *(.bss)
 .bss           0x00000000200001f0       0x1c c:/st/stm32cubeide_1.6.1/stm32cubeide/plugins/com.st.stm32cube.ide.mcu.externaltools.gnu-tools-for-stm32.9-2020-q2-update.win32_1.5.0.202011040924/tools/bin/../lib/gcc/arm-none-eabi/9.3.1/thumb/v7e-m+fp/hard/crtbegin.o
 *(.bss*)
 .bss.analog_1_offset
                0x000000002000020c        0x4 Core/Src/main.o
                0x000000002000020c                analog_1_offset
 .bss.analog_2_offset
                0x0000000020000210        0x4 Core/Src/main.o
                0x0000000020000210                analog_2_offset
 .bss.analog_3_offset
                0x0000000020000214        0x4 Core/Src/main.o
                0x0000000020000214                analog_3_offset
 .bss.store_offsets
                0x0000000020000218        0x1 Core/Src/main.o
                0x0000000020000218                store_offsets
 *fill*         0x0000000020000219        0x1 
 .bss.a_1_index
                0x000000002000021a        0x2 Core/Src/main.o
                0x000000002000021a                a_1_index
 .bss.a_2_index
                0x000000002000021c        0x2 Core/Src/main.o
                0x000000002000021c                a_2_index
 .bss.a_3_index
                0x000000002000021e        0x2 Core/Src/main.o
                0x000000002000021e                a_3_index
 .bss.for_index
                0x0000000020000220        0x2 Core/Src/main.o
                0x0000000020000220                for_index
 *fill*         0x0000000020000222        0x2 
 .bss.max       0x0000000020000224        0x4 Core/Src/main.o
                0x0000000020000224                max
 .bss.in_can_menu
                0x0000000020000228        0x1 Core/Src/main.o
                0x0000000020000228                in_can_menu
 .bss.in_analog_menu
                0x0000000020000229        0x1 Core/Src/main.o
                0x0000000020000229                in_analog_menu
 .bss.display_scroll
                0x000000002000022a        0x1 Core/Src/main.o
                0x000000002000022a                display_scroll
 .bss.menu_pos  0x000000002000022b        0x1 Core/Src/main.o
                0x000000002000022b                menu_pos
 .bss.can_pos   0x000000002000022c        0x1 Core/Src/main.o
                0x000000002000022c                can_pos
 .bss.analog_pos
                0x000000002000022d        0x1 Core/Src/main.o
                0x000000002000022d                analog_pos
 .bss.change_value_bool
                0x000000002000022e        0x1 Core/Src/main.o
                0x000000002000022e                change_value_bool
 .bss.up_btn_pressed
                0x000000002000022f        0x1 Core/Src/main.o
                0x000000002000022f                up_btn_pressed
 .bss.down_btn_pressed
                0x0000000020000230        0x1 Core/Src/main.o
                0x0000000020000230                down_btn_pressed
 .bss.sel_btn_pressed
                0x0000000020000231        0x1 Core/Src/main.o
                0x0000000020000231                sel_btn_pressed
 .bss.btn_counter
                0x0000000020000232        0x2 Core/Src/main.o
                0x0000000020000232                btn_counter
 .bss.updating_display
                0x0000000020000234        0x1 Core/Src/main.o
                0x0000000020000234                updating_display
 *fill*         0x0000000020000235        0x3 
 .bss.__sbrk_heap_end
                0x0000000020000238        0x4 Core/Src/sysmem.o
 .bss.__malloc_free_list
                0x000000002000023c        0x4 c:/st/stm32cubeide_1.6.1/stm32cubeide/plugins/com.st.stm32cube.ide.mcu.externaltools.gnu-tools-for-stm32.9-2020-q2-update.win32_1.5.0.202011040924/tools/bin/../lib/gcc/arm-none-eabi/9.3.1/../../../../arm-none-eabi/lib/thumb/v7e-m+fp/hard\libc_nano.a(lib_a-nano-mallocr.o)
                0x000000002000023c                __malloc_free_list
 .bss.__malloc_sbrk_start
                0x0000000020000240        0x4 c:/st/stm32cubeide_1.6.1/stm32cubeide/plugins/com.st.stm32cube.ide.mcu.externaltools.gnu-tools-for-stm32.9-2020-q2-update.win32_1.5.0.202011040924/tools/bin/../lib/gcc/arm-none-eabi/9.3.1/../../../../arm-none-eabi/lib/thumb/v7e-m+fp/hard\libc_nano.a(lib_a-nano-mallocr.o)
                0x0000000020000240                __malloc_sbrk_start
 *(COMMON)
 COMMON         0x0000000020000244     0x6278 Core/Src/main.o
                0x0000000020000244                can_id_3
                0x0000000020000248                a_in_2
                0x000000002000024c                raw_3
                0x0000000020000250                id_arr
                0x0000000020000254                a_data_arr_1
                0x0000000020002254                raw_1
                0x0000000020002258                headers_3
                0x0000000020002270                headers_1
                0x0000000020002288                hcan
                0x00000000200022b0                a_in_3
                0x00000000200022b4                temp
                0x00000000200022c8                a_in_2_avg
                0x00000000200022cc                a_data_3
                0x00000000200022d0                htim3
                0x000000002000231c                tx_mailbox
                0x0000000020002320                can_id_2
                0x0000000020002324                enable_word
                0x0000000020002328                a_data_arr_2
                0x0000000020004328                can_filter
                0x0000000020004350                hsdadc1
                0x0000000020004394                a_data_1
                0x0000000020004398                a_data_arr_3
                0x0000000020006398                CAN_IDs
                0x000000002000639c                a_data_2
                0x00000000200063a0                raw_2
                0x00000000200063a4                a_in_1
                0x00000000200063a8                analog_enable_arr
                0x00000000200063ac                hsdadc2
                0x00000000200063f0                can_id_1
                0x00000000200063f4                headers_2
                0x000000002000640c                htim2
                0x0000000020006458                a_in_3_avg
                0x000000002000645c                modified_can_id
                0x0000000020006460                char_arr
                0x0000000020006470                a_in_1_avg
                0x0000000020006474                hsdadc3
                0x00000000200064b8                byte_arr
 COMMON         0x00000000200064bc        0x4 Drivers/STM32F3xx_HAL_Driver/Src/stm32f3xx_hal.o
                0x00000000200064bc                uwTick
 COMMON         0x00000000200064c0       0x20 Drivers/STM32F3xx_HAL_Driver/Src/stm32f3xx_hal_flash.o
                0x00000000200064c0                pFlash
 COMMON         0x00000000200064e0        0x4 c:/st/stm32cubeide_1.6.1/stm32cubeide/plugins/com.st.stm32cube.ide.mcu.externaltools.gnu-tools-for-stm32.9-2020-q2-update.win32_1.5.0.202011040924/tools/bin/../lib/gcc/arm-none-eabi/9.3.1/../../../../arm-none-eabi/lib/thumb/v7e-m+fp/hard\libc_nano.a(lib_a-reent.o)
                0x00000000200064e0                errno
 COMMON         0x00000000200064e4        0x9 c:/st/stm32cubeide_1.6.1/stm32cubeide/plugins/com.st.stm32cube.ide.mcu.externaltools.gnu-tools-for-stm32.9-2020-q2-update.win32_1.5.0.202011040924/tools/bin/../lib/gcc/arm-none-eabi/9.3.1/../../../../arm-none-eabi/lib/thumb/v7e-m+fp/hard\libc_nano.a(lib_a-lock.o)
                0x00000000200064e4                __lock___atexit_recursive_mutex
                0x00000000200064e5                __lock___arc4random_mutex
                0x00000000200064e6                __lock___env_recursive_mutex
                0x00000000200064e7                __lock___sinit_recursive_mutex
                0x00000000200064e8                __lock___malloc_recursive_mutex
                0x00000000200064e9                __lock___at_quick_exit_mutex
                0x00000000200064ea                __lock___dd_hash_mutex
                0x00000000200064eb                __lock___tz_mutex
                0x00000000200064ec                __lock___sfp_recursive_mutex
                0x00000000200064f0                . = ALIGN (0x4)
 *fill*         0x00000000200064ed        0x3 
                0x00000000200064f0                _ebss = .
                0x00000000200064f0                __bss_end__ = _ebss

._user_heap_stack
                0x00000000200064f0      0x600 load address 0x0000000008009fac
                0x00000000200064f0                . = ALIGN (0x8)
                [!provide]                        PROVIDE (end = .)
                0x00000000200064f0                PROVIDE (_end = .)
                0x00000000200066f0                . = (. + _Min_Heap_Size)
 *fill*         0x00000000200064f0      0x200 
                0x0000000020006af0                . = (. + _Min_Stack_Size)
 *fill*         0x00000000200066f0      0x400 
                0x0000000020006af0                . = ALIGN (0x8)

/DISCARD/
 libc.a(*)
 libm.a(*)
 libgcc.a(*)

.ARM.attributes
                0x0000000000000000       0x30
 *(.ARM.attributes)
 .ARM.attributes
                0x0000000000000000       0x1e c:/st/stm32cubeide_1.6.1/stm32cubeide/plugins/com.st.stm32cube.ide.mcu.externaltools.gnu-tools-for-stm32.9-2020-q2-update.win32_1.5.0.202011040924/tools/bin/../lib/gcc/arm-none-eabi/9.3.1/thumb/v7e-m+fp/hard/crti.o
 .ARM.attributes
                0x000000000000001e       0x34 c:/st/stm32cubeide_1.6.1/stm32cubeide/plugins/com.st.stm32cube.ide.mcu.externaltools.gnu-tools-for-stm32.9-2020-q2-update.win32_1.5.0.202011040924/tools/bin/../lib/gcc/arm-none-eabi/9.3.1/thumb/v7e-m+fp/hard/crtbegin.o
 .ARM.attributes
                0x0000000000000052       0x34 Core/Src/LCD1602.o
 .ARM.attributes
                0x0000000000000086       0x34 Core/Src/main.o
 .ARM.attributes
                0x00000000000000ba       0x34 Core/Src/stm32f3xx_hal_msp.o
 .ARM.attributes
                0x00000000000000ee       0x34 Core/Src/stm32f3xx_it.o
 .ARM.attributes
                0x0000000000000122       0x34 Core/Src/sysmem.o
 .ARM.attributes
                0x0000000000000156       0x34 Core/Src/system_stm32f3xx.o
 .ARM.attributes
                0x000000000000018a       0x21 Core/Startup/startup_stm32f373cctx.o
 .ARM.attributes
                0x00000000000001ab       0x34 Drivers/STM32F3xx_HAL_Driver/Src/stm32f3xx_hal.o
 .ARM.attributes
                0x00000000000001df       0x34 Drivers/STM32F3xx_HAL_Driver/Src/stm32f3xx_hal_can.o
 .ARM.attributes
                0x0000000000000213       0x34 Drivers/STM32F3xx_HAL_Driver/Src/stm32f3xx_hal_cortex.o
 .ARM.attributes
                0x0000000000000247       0x34 Drivers/STM32F3xx_HAL_Driver/Src/stm32f3xx_hal_flash.o
 .ARM.attributes
                0x000000000000027b       0x34 Drivers/STM32F3xx_HAL_Driver/Src/stm32f3xx_hal_flash_ex.o
 .ARM.attributes
                0x00000000000002af       0x34 Drivers/STM32F3xx_HAL_Driver/Src/stm32f3xx_hal_gpio.o
 .ARM.attributes
                0x00000000000002e3       0x34 Drivers/STM32F3xx_HAL_Driver/Src/stm32f3xx_hal_pwr_ex.o
 .ARM.attributes
                0x0000000000000317       0x34 Drivers/STM32F3xx_HAL_Driver/Src/stm32f3xx_hal_rcc.o
 .ARM.attributes
                0x000000000000034b       0x34 Drivers/STM32F3xx_HAL_Driver/Src/stm32f3xx_hal_rcc_ex.o
 .ARM.attributes
                0x000000000000037f       0x34 Drivers/STM32F3xx_HAL_Driver/Src/stm32f3xx_hal_sdadc.o
 .ARM.attributes
                0x00000000000003b3       0x34 Drivers/STM32F3xx_HAL_Driver/Src/stm32f3xx_hal_tim.o
 .ARM.attributes
                0x00000000000003e7       0x34 Drivers/STM32F3xx_HAL_Driver/Src/stm32f3xx_hal_tim_ex.o
 .ARM.attributes
                0x000000000000041b       0x34 c:/st/stm32cubeide_1.6.1/stm32cubeide/plugins/com.st.stm32cube.ide.mcu.externaltools.gnu-tools-for-stm32.9-2020-q2-update.win32_1.5.0.202011040924/tools/bin/../lib/gcc/arm-none-eabi/9.3.1/../../../../arm-none-eabi/lib/thumb/v7e-m+fp/hard\libc_nano.a(lib_a-errno.o)
 .ARM.attributes
                0x000000000000044f       0x32 c:/st/stm32cubeide_1.6.1/stm32cubeide/plugins/com.st.stm32cube.ide.mcu.externaltools.gnu-tools-for-stm32.9-2020-q2-update.win32_1.5.0.202011040924/tools/bin/../lib/gcc/arm-none-eabi/9.3.1/../../../../arm-none-eabi/lib/thumb/v7e-m+fp/hard\libc_nano.a(lib_a-impure.o)
 .ARM.attributes
                0x0000000000000481       0x34 c:/st/stm32cubeide_1.6.1/stm32cubeide/plugins/com.st.stm32cube.ide.mcu.externaltools.gnu-tools-for-stm32.9-2020-q2-update.win32_1.5.0.202011040924/tools/bin/../lib/gcc/arm-none-eabi/9.3.1/../../../../arm-none-eabi/lib/thumb/v7e-m+fp/hard\libc_nano.a(lib_a-init.o)
 .ARM.attributes
                0x00000000000004b5       0x34 c:/st/stm32cubeide_1.6.1/stm32cubeide/plugins/com.st.stm32cube.ide.mcu.externaltools.gnu-tools-for-stm32.9-2020-q2-update.win32_1.5.0.202011040924/tools/bin/../lib/gcc/arm-none-eabi/9.3.1/../../../../arm-none-eabi/lib/thumb/v7e-m+fp/hard\libc_nano.a(lib_a-memset.o)
 .ARM.attributes
                0x00000000000004e9       0x34 c:/st/stm32cubeide_1.6.1/stm32cubeide/plugins/com.st.stm32cube.ide.mcu.externaltools.gnu-tools-for-stm32.9-2020-q2-update.win32_1.5.0.202011040924/tools/bin/../lib/gcc/arm-none-eabi/9.3.1/../../../../arm-none-eabi/lib/thumb/v7e-m+fp/hard\libc_nano.a(lib_a-sprintf.o)
 .ARM.attributes
                0x000000000000051d       0x34 c:/st/stm32cubeide_1.6.1/stm32cubeide/plugins/com.st.stm32cube.ide.mcu.externaltools.gnu-tools-for-stm32.9-2020-q2-update.win32_1.5.0.202011040924/tools/bin/../lib/gcc/arm-none-eabi/9.3.1/../../../../arm-none-eabi/lib/thumb/v7e-m+fp/hard\libc_nano.a(lib_a-strcat.o)
 .ARM.attributes
                0x0000000000000551       0x34 c:/st/stm32cubeide_1.6.1/stm32cubeide/plugins/com.st.stm32cube.ide.mcu.externaltools.gnu-tools-for-stm32.9-2020-q2-update.win32_1.5.0.202011040924/tools/bin/../lib/gcc/arm-none-eabi/9.3.1/../../../../arm-none-eabi/lib/thumb/v7e-m+fp/hard\libc_nano.a(lib_a-strlcat.o)
 .ARM.attributes
                0x0000000000000585       0x34 c:/st/stm32cubeide_1.6.1/stm32cubeide/plugins/com.st.stm32cube.ide.mcu.externaltools.gnu-tools-for-stm32.9-2020-q2-update.win32_1.5.0.202011040924/tools/bin/../lib/gcc/arm-none-eabi/9.3.1/../../../../arm-none-eabi/lib/thumb/v7e-m+fp/hard\libc_nano.a(lib_a-strlcpy.o)
 .ARM.attributes
                0x00000000000005b9       0x17 c:/st/stm32cubeide_1.6.1/stm32cubeide/plugins/com.st.stm32cube.ide.mcu.externaltools.gnu-tools-for-stm32.9-2020-q2-update.win32_1.5.0.202011040924/tools/bin/../lib/gcc/arm-none-eabi/9.3.1/../../../../arm-none-eabi/lib/thumb/v7e-m+fp/hard\libc_nano.a(lib_a-strlen.o)
 .ARM.attributes
                0x00000000000005d0       0x34 c:/st/stm32cubeide_1.6.1/stm32cubeide/plugins/com.st.stm32cube.ide.mcu.externaltools.gnu-tools-for-stm32.9-2020-q2-update.win32_1.5.0.202011040924/tools/bin/../lib/gcc/arm-none-eabi/9.3.1/../../../../arm-none-eabi/lib/thumb/v7e-m+fp/hard\libc_nano.a(lib_a-strncpy.o)
 .ARM.attributes
                0x0000000000000604       0x34 c:/st/stm32cubeide_1.6.1/stm32cubeide/plugins/com.st.stm32cube.ide.mcu.externaltools.gnu-tools-for-stm32.9-2020-q2-update.win32_1.5.0.202011040924/tools/bin/../lib/gcc/arm-none-eabi/9.3.1/../../../../arm-none-eabi/lib/thumb/v7e-m+fp/hard\libc_nano.a(lib_a-nano-svfprintf.o)
 .ARM.attributes
                0x0000000000000638       0x34 c:/st/stm32cubeide_1.6.1/stm32cubeide/plugins/com.st.stm32cube.ide.mcu.externaltools.gnu-tools-for-stm32.9-2020-q2-update.win32_1.5.0.202011040924/tools/bin/../lib/gcc/arm-none-eabi/9.3.1/../../../../arm-none-eabi/lib/thumb/v7e-m+fp/hard\libc_nano.a(lib_a-nano-vfprintf_i.o)
 .ARM.attributes
                0x000000000000066c       0x1c c:/st/stm32cubeide_1.6.1/stm32cubeide/plugins/com.st.stm32cube.ide.mcu.externaltools.gnu-tools-for-stm32.9-2020-q2-update.win32_1.5.0.202011040924/tools/bin/../lib/gcc/arm-none-eabi/9.3.1/../../../../arm-none-eabi/lib/thumb/v7e-m+fp/hard\libc_nano.a(lib_a-memchr.o)
 .ARM.attributes
                0x0000000000000688       0x34 c:/st/stm32cubeide_1.6.1/stm32cubeide/plugins/com.st.stm32cube.ide.mcu.externaltools.gnu-tools-for-stm32.9-2020-q2-update.win32_1.5.0.202011040924/tools/bin/../lib/gcc/arm-none-eabi/9.3.1/../../../../arm-none-eabi/lib/thumb/v7e-m+fp/hard\libc_nano.a(lib_a-memcpy-stub.o)
 .ARM.attributes
                0x00000000000006bc       0x34 c:/st/stm32cubeide_1.6.1/stm32cubeide/plugins/com.st.stm32cube.ide.mcu.externaltools.gnu-tools-for-stm32.9-2020-q2-update.win32_1.5.0.202011040924/tools/bin/../lib/gcc/arm-none-eabi/9.3.1/../../../../arm-none-eabi/lib/thumb/v7e-m+fp/hard\libc_nano.a(lib_a-memmove.o)
 .ARM.attributes
                0x00000000000006f0       0x34 c:/st/stm32cubeide_1.6.1/stm32cubeide/plugins/com.st.stm32cube.ide.mcu.externaltools.gnu-tools-for-stm32.9-2020-q2-update.win32_1.5.0.202011040924/tools/bin/../lib/gcc/arm-none-eabi/9.3.1/../../../../arm-none-eabi/lib/thumb/v7e-m+fp/hard\libc_nano.a(lib_a-nano-freer.o)
 .ARM.attributes
                0x0000000000000724       0x34 c:/st/stm32cubeide_1.6.1/stm32cubeide/plugins/com.st.stm32cube.ide.mcu.externaltools.gnu-tools-for-stm32.9-2020-q2-update.win32_1.5.0.202011040924/tools/bin/../lib/gcc/arm-none-eabi/9.3.1/../../../../arm-none-eabi/lib/thumb/v7e-m+fp/hard\libc_nano.a(lib_a-nano-mallocr.o)
 .ARM.attributes
                0x0000000000000758       0x34 c:/st/stm32cubeide_1.6.1/stm32cubeide/plugins/com.st.stm32cube.ide.mcu.externaltools.gnu-tools-for-stm32.9-2020-q2-update.win32_1.5.0.202011040924/tools/bin/../lib/gcc/arm-none-eabi/9.3.1/../../../../arm-none-eabi/lib/thumb/v7e-m+fp/hard\libc_nano.a(lib_a-nano-reallocr.o)
 .ARM.attributes
                0x000000000000078c       0x34 c:/st/stm32cubeide_1.6.1/stm32cubeide/plugins/com.st.stm32cube.ide.mcu.externaltools.gnu-tools-for-stm32.9-2020-q2-update.win32_1.5.0.202011040924/tools/bin/../lib/gcc/arm-none-eabi/9.3.1/../../../../arm-none-eabi/lib/thumb/v7e-m+fp/hard\libc_nano.a(lib_a-sbrkr.o)
 .ARM.attributes
                0x00000000000007c0       0x34 c:/st/stm32cubeide_1.6.1/stm32cubeide/plugins/com.st.stm32cube.ide.mcu.externaltools.gnu-tools-for-stm32.9-2020-q2-update.win32_1.5.0.202011040924/tools/bin/../lib/gcc/arm-none-eabi/9.3.1/../../../../arm-none-eabi/lib/thumb/v7e-m+fp/hard\libc_nano.a(lib_a-mlock.o)
 .ARM.attributes
                0x00000000000007f4       0x34 c:/st/stm32cubeide_1.6.1/stm32cubeide/plugins/com.st.stm32cube.ide.mcu.externaltools.gnu-tools-for-stm32.9-2020-q2-update.win32_1.5.0.202011040924/tools/bin/../lib/gcc/arm-none-eabi/9.3.1/../../../../arm-none-eabi/lib/thumb/v7e-m+fp/hard\libc_nano.a(lib_a-nano-msizer.o)
 .ARM.attributes
                0x0000000000000828       0x34 c:/st/stm32cubeide_1.6.1/stm32cubeide/plugins/com.st.stm32cube.ide.mcu.externaltools.gnu-tools-for-stm32.9-2020-q2-update.win32_1.5.0.202011040924/tools/bin/../lib/gcc/arm-none-eabi/9.3.1/../../../../arm-none-eabi/lib/thumb/v7e-m+fp/hard\libc_nano.a(lib_a-reent.o)
 .ARM.attributes
                0x000000000000085c       0x34 c:/st/stm32cubeide_1.6.1/stm32cubeide/plugins/com.st.stm32cube.ide.mcu.externaltools.gnu-tools-for-stm32.9-2020-q2-update.win32_1.5.0.202011040924/tools/bin/../lib/gcc/arm-none-eabi/9.3.1/../../../../arm-none-eabi/lib/thumb/v7e-m+fp/hard\libc_nano.a(lib_a-lock.o)
 .ARM.attributes
                0x0000000000000890       0x34 c:/st/stm32cubeide_1.6.1/stm32cubeide/plugins/com.st.stm32cube.ide.mcu.externaltools.gnu-tools-for-stm32.9-2020-q2-update.win32_1.5.0.202011040924/tools/bin/../lib/gcc/arm-none-eabi/9.3.1/../../../../arm-none-eabi/lib/thumb/v7e-m+fp/hard\libm.a(lib_a-w_log.o)
 .ARM.attributes
                0x00000000000008c4       0x34 c:/st/stm32cubeide_1.6.1/stm32cubeide/plugins/com.st.stm32cube.ide.mcu.externaltools.gnu-tools-for-stm32.9-2020-q2-update.win32_1.5.0.202011040924/tools/bin/../lib/gcc/arm-none-eabi/9.3.1/../../../../arm-none-eabi/lib/thumb/v7e-m+fp/hard\libm.a(lib_a-w_pow.o)
 .ARM.attributes
                0x00000000000008f8       0x34 c:/st/stm32cubeide_1.6.1/stm32cubeide/plugins/com.st.stm32cube.ide.mcu.externaltools.gnu-tools-for-stm32.9-2020-q2-update.win32_1.5.0.202011040924/tools/bin/../lib/gcc/arm-none-eabi/9.3.1/../../../../arm-none-eabi/lib/thumb/v7e-m+fp/hard\libm.a(lib_a-e_log.o)
 .ARM.attributes
                0x000000000000092c       0x34 c:/st/stm32cubeide_1.6.1/stm32cubeide/plugins/com.st.stm32cube.ide.mcu.externaltools.gnu-tools-for-stm32.9-2020-q2-update.win32_1.5.0.202011040924/tools/bin/../lib/gcc/arm-none-eabi/9.3.1/../../../../arm-none-eabi/lib/thumb/v7e-m+fp/hard\libm.a(lib_a-e_pow.o)
 .ARM.attributes
                0x0000000000000960       0x34 c:/st/stm32cubeide_1.6.1/stm32cubeide/plugins/com.st.stm32cube.ide.mcu.externaltools.gnu-tools-for-stm32.9-2020-q2-update.win32_1.5.0.202011040924/tools/bin/../lib/gcc/arm-none-eabi/9.3.1/../../../../arm-none-eabi/lib/thumb/v7e-m+fp/hard\libm.a(lib_a-e_sqrt.o)
 .ARM.attributes
                0x0000000000000994       0x34 c:/st/stm32cubeide_1.6.1/stm32cubeide/plugins/com.st.stm32cube.ide.mcu.externaltools.gnu-tools-for-stm32.9-2020-q2-update.win32_1.5.0.202011040924/tools/bin/../lib/gcc/arm-none-eabi/9.3.1/../../../../arm-none-eabi/lib/thumb/v7e-m+fp/hard\libm.a(lib_a-s_fabs.o)
 .ARM.attributes
                0x00000000000009c8       0x34 c:/st/stm32cubeide_1.6.1/stm32cubeide/plugins/com.st.stm32cube.ide.mcu.externaltools.gnu-tools-for-stm32.9-2020-q2-update.win32_1.5.0.202011040924/tools/bin/../lib/gcc/arm-none-eabi/9.3.1/../../../../arm-none-eabi/lib/thumb/v7e-m+fp/hard\libm.a(lib_a-s_finite.o)
 .ARM.attributes
                0x00000000000009fc       0x32 c:/st/stm32cubeide_1.6.1/stm32cubeide/plugins/com.st.stm32cube.ide.mcu.externaltools.gnu-tools-for-stm32.9-2020-q2-update.win32_1.5.0.202011040924/tools/bin/../lib/gcc/arm-none-eabi/9.3.1/../../../../arm-none-eabi/lib/thumb/v7e-m+fp/hard\libm.a(lib_a-s_lib_ver.o)
 .ARM.attributes
                0x0000000000000a2e       0x34 c:/st/stm32cubeide_1.6.1/stm32cubeide/plugins/com.st.stm32cube.ide.mcu.externaltools.gnu-tools-for-stm32.9-2020-q2-update.win32_1.5.0.202011040924/tools/bin/../lib/gcc/arm-none-eabi/9.3.1/../../../../arm-none-eabi/lib/thumb/v7e-m+fp/hard\libm.a(lib_a-s_nan.o)
 .ARM.attributes
                0x0000000000000a62       0x34 c:/st/stm32cubeide_1.6.1/stm32cubeide/plugins/com.st.stm32cube.ide.mcu.externaltools.gnu-tools-for-stm32.9-2020-q2-update.win32_1.5.0.202011040924/tools/bin/../lib/gcc/arm-none-eabi/9.3.1/../../../../arm-none-eabi/lib/thumb/v7e-m+fp/hard\libm.a(lib_a-s_rint.o)
 .ARM.attributes
                0x0000000000000a96       0x34 c:/st/stm32cubeide_1.6.1/stm32cubeide/plugins/com.st.stm32cube.ide.mcu.externaltools.gnu-tools-for-stm32.9-2020-q2-update.win32_1.5.0.202011040924/tools/bin/../lib/gcc/arm-none-eabi/9.3.1/../../../../arm-none-eabi/lib/thumb/v7e-m+fp/hard\libm.a(lib_a-s_scalbn.o)
 .ARM.attributes
                0x0000000000000aca       0x1e c:/st/stm32cubeide_1.6.1/stm32cubeide/plugins/com.st.stm32cube.ide.mcu.externaltools.gnu-tools-for-stm32.9-2020-q2-update.win32_1.5.0.202011040924/tools/bin/../lib/gcc/arm-none-eabi/9.3.1/thumb/v7e-m+fp/hard\libgcc.a(_arm_addsubdf3.o)
 .ARM.attributes
                0x0000000000000ae8       0x1e c:/st/stm32cubeide_1.6.1/stm32cubeide/plugins/com.st.stm32cube.ide.mcu.externaltools.gnu-tools-for-stm32.9-2020-q2-update.win32_1.5.0.202011040924/tools/bin/../lib/gcc/arm-none-eabi/9.3.1/thumb/v7e-m+fp/hard\libgcc.a(_arm_muldivdf3.o)
 .ARM.attributes
                0x0000000000000b06       0x1e c:/st/stm32cubeide_1.6.1/stm32cubeide/plugins/com.st.stm32cube.ide.mcu.externaltools.gnu-tools-for-stm32.9-2020-q2-update.win32_1.5.0.202011040924/tools/bin/../lib/gcc/arm-none-eabi/9.3.1/thumb/v7e-m+fp/hard\libgcc.a(_arm_cmpdf2.o)
 .ARM.attributes
                0x0000000000000b24       0x1e c:/st/stm32cubeide_1.6.1/stm32cubeide/plugins/com.st.stm32cube.ide.mcu.externaltools.gnu-tools-for-stm32.9-2020-q2-update.win32_1.5.0.202011040924/tools/bin/../lib/gcc/arm-none-eabi/9.3.1/thumb/v7e-m+fp/hard\libgcc.a(_arm_unorddf2.o)
 .ARM.attributes
                0x0000000000000b42       0x1e c:/st/stm32cubeide_1.6.1/stm32cubeide/plugins/com.st.stm32cube.ide.mcu.externaltools.gnu-tools-for-stm32.9-2020-q2-update.win32_1.5.0.202011040924/tools/bin/../lib/gcc/arm-none-eabi/9.3.1/thumb/v7e-m+fp/hard\libgcc.a(_arm_fixunsdfsi.o)
 .ARM.attributes
                0x0000000000000b60       0x1e c:/st/stm32cubeide_1.6.1/stm32cubeide/plugins/com.st.stm32cube.ide.mcu.externaltools.gnu-tools-for-stm32.9-2020-q2-update.win32_1.5.0.202011040924/tools/bin/../lib/gcc/arm-none-eabi/9.3.1/thumb/v7e-m+fp/hard/crtn.o
OUTPUT(Production.elf elf32-littlearm)
LOAD linker stubs
LOAD c:/st/stm32cubeide_1.6.1/stm32cubeide/plugins/com.st.stm32cube.ide.mcu.externaltools.gnu-tools-for-stm32.9-2020-q2-update.win32_1.5.0.202011040924/tools/bin/../lib/gcc/arm-none-eabi/9.3.1/../../../../arm-none-eabi/lib/thumb/v7e-m+fp/hard\libc.a
LOAD c:/st/stm32cubeide_1.6.1/stm32cubeide/plugins/com.st.stm32cube.ide.mcu.externaltools.gnu-tools-for-stm32.9-2020-q2-update.win32_1.5.0.202011040924/tools/bin/../lib/gcc/arm-none-eabi/9.3.1/../../../../arm-none-eabi/lib/thumb/v7e-m+fp/hard\libm.a
LOAD c:/st/stm32cubeide_1.6.1/stm32cubeide/plugins/com.st.stm32cube.ide.mcu.externaltools.gnu-tools-for-stm32.9-2020-q2-update.win32_1.5.0.202011040924/tools/bin/../lib/gcc/arm-none-eabi/9.3.1/thumb/v7e-m+fp/hard\libgcc.a

.debug_info     0x0000000000000000    0x113d0
 .debug_info    0x0000000000000000      0x934 Core/Src/LCD1602.o
 .debug_info    0x0000000000000934     0x29f3 Core/Src/main.o
 .debug_info    0x0000000000003327     0x13e4 Core/Src/stm32f3xx_hal_msp.o
 .debug_info    0x000000000000470b      0xb67 Core/Src/stm32f3xx_it.o
 .debug_info    0x0000000000005272      0xa25 Core/Src/sysmem.o
 .debug_info    0x0000000000005c97      0x49a Core/Src/system_stm32f3xx.o
 .debug_info    0x0000000000006131       0x22 Core/Startup/startup_stm32f373cctx.o
 .debug_info    0x0000000000006153      0x831 Drivers/STM32F3xx_HAL_Driver/Src/stm32f3xx_hal.o
 .debug_info    0x0000000000006984     0x107c Drivers/STM32F3xx_HAL_Driver/Src/stm32f3xx_hal_can.o
 .debug_info    0x0000000000007a00      0xe38 Drivers/STM32F3xx_HAL_Driver/Src/stm32f3xx_hal_cortex.o
 .debug_info    0x0000000000008838      0x5f5 Drivers/STM32F3xx_HAL_Driver/Src/stm32f3xx_hal_flash.o
 .debug_info    0x0000000000008e2d      0x8fb Drivers/STM32F3xx_HAL_Driver/Src/stm32f3xx_hal_flash_ex.o
 .debug_info    0x0000000000009728      0x709 Drivers/STM32F3xx_HAL_Driver/Src/stm32f3xx_hal_gpio.o
 .debug_info    0x0000000000009e31      0x412 Drivers/STM32F3xx_HAL_Driver/Src/stm32f3xx_hal_pwr_ex.o
 .debug_info    0x000000000000a243     0x15b5 Drivers/STM32F3xx_HAL_Driver/Src/stm32f3xx_hal_rcc.o
 .debug_info    0x000000000000b7f8      0x662 Drivers/STM32F3xx_HAL_Driver/Src/stm32f3xx_hal_rcc_ex.o
 .debug_info    0x000000000000be5a     0x166b Drivers/STM32F3xx_HAL_Driver/Src/stm32f3xx_hal_sdadc.o
 .debug_info    0x000000000000d4c5     0x2a5e Drivers/STM32F3xx_HAL_Driver/Src/stm32f3xx_hal_tim.o
 .debug_info    0x000000000000ff23     0x14ad Drivers/STM32F3xx_HAL_Driver/Src/stm32f3xx_hal_tim_ex.o

.debug_abbrev   0x0000000000000000     0x27e1
 .debug_abbrev  0x0000000000000000      0x1c5 Core/Src/LCD1602.o
 .debug_abbrev  0x00000000000001c5      0x355 Core/Src/main.o
 .debug_abbrev  0x000000000000051a      0x237 Core/Src/stm32f3xx_hal_msp.o
 .debug_abbrev  0x0000000000000751      0x190 Core/Src/stm32f3xx_it.o
 .debug_abbrev  0x00000000000008e1      0x1bf Core/Src/sysmem.o
 .debug_abbrev  0x0000000000000aa0      0x145 Core/Src/system_stm32f3xx.o
 .debug_abbrev  0x0000000000000be5       0x12 Core/Startup/startup_stm32f373cctx.o
 .debug_abbrev  0x0000000000000bf7      0x1ed Drivers/STM32F3xx_HAL_Driver/Src/stm32f3xx_hal.o
 .debug_abbrev  0x0000000000000de4      0x215 Drivers/STM32F3xx_HAL_Driver/Src/stm32f3xx_hal_can.o
 .debug_abbrev  0x0000000000000ff9      0x33c Drivers/STM32F3xx_HAL_Driver/Src/stm32f3xx_hal_cortex.o
 .debug_abbrev  0x0000000000001335      0x25e Drivers/STM32F3xx_HAL_Driver/Src/stm32f3xx_hal_flash.o
 .debug_abbrev  0x0000000000001593      0x2ae Drivers/STM32F3xx_HAL_Driver/Src/stm32f3xx_hal_flash_ex.o
 .debug_abbrev  0x0000000000001841      0x1e8 Drivers/STM32F3xx_HAL_Driver/Src/stm32f3xx_hal_gpio.o
 .debug_abbrev  0x0000000000001a29      0x18b Drivers/STM32F3xx_HAL_Driver/Src/stm32f3xx_hal_pwr_ex.o
 .debug_abbrev  0x0000000000001bb4      0x2c4 Drivers/STM32F3xx_HAL_Driver/Src/stm32f3xx_hal_rcc.o
 .debug_abbrev  0x0000000000001e78      0x23e Drivers/STM32F3xx_HAL_Driver/Src/stm32f3xx_hal_rcc_ex.o
 .debug_abbrev  0x00000000000020b6      0x267 Drivers/STM32F3xx_HAL_Driver/Src/stm32f3xx_hal_sdadc.o
 .debug_abbrev  0x000000000000231d      0x25e Drivers/STM32F3xx_HAL_Driver/Src/stm32f3xx_hal_tim.o
 .debug_abbrev  0x000000000000257b      0x266 Drivers/STM32F3xx_HAL_Driver/Src/stm32f3xx_hal_tim_ex.o

.debug_aranges  0x0000000000000000      0xf90
 .debug_aranges
                0x0000000000000000       0x58 Core/Src/LCD1602.o
 .debug_aranges
                0x0000000000000058       0xf8 Core/Src/main.o
 .debug_aranges
                0x0000000000000150       0x50 Core/Src/stm32f3xx_hal_msp.o
 .debug_aranges
                0x00000000000001a0       0x98 Core/Src/stm32f3xx_it.o
 .debug_aranges
                0x0000000000000238       0x20 Core/Src/sysmem.o
 .debug_aranges
                0x0000000000000258       0x28 Core/Src/system_stm32f3xx.o
 .debug_aranges
                0x0000000000000280       0x28 Core/Startup/startup_stm32f373cctx.o
 .debug_aranges
                0x00000000000002a8       0xe0 Drivers/STM32F3xx_HAL_Driver/Src/stm32f3xx_hal.o
 .debug_aranges
                0x0000000000000388      0x138 Drivers/STM32F3xx_HAL_Driver/Src/stm32f3xx_hal_can.o
 .debug_aranges
                0x00000000000004c0      0x118 Drivers/STM32F3xx_HAL_Driver/Src/stm32f3xx_hal_cortex.o
 .debug_aranges
                0x00000000000005d8       0x88 Drivers/STM32F3xx_HAL_Driver/Src/stm32f3xx_hal_flash.o
 .debug_aranges
                0x0000000000000660       0x98 Drivers/STM32F3xx_HAL_Driver/Src/stm32f3xx_hal_flash_ex.o
 .debug_aranges
                0x00000000000006f8       0x58 Drivers/STM32F3xx_HAL_Driver/Src/stm32f3xx_hal_gpio.o
 .debug_aranges
                0x0000000000000750       0x50 Drivers/STM32F3xx_HAL_Driver/Src/stm32f3xx_hal_pwr_ex.o
 .debug_aranges
                0x00000000000007a0       0x88 Drivers/STM32F3xx_HAL_Driver/Src/stm32f3xx_hal_rcc.o
 .debug_aranges
                0x0000000000000828       0x38 Drivers/STM32F3xx_HAL_Driver/Src/stm32f3xx_hal_rcc_ex.o
 .debug_aranges
                0x0000000000000860      0x1f8 Drivers/STM32F3xx_HAL_Driver/Src/stm32f3xx_hal_sdadc.o
 .debug_aranges
                0x0000000000000a58      0x3d0 Drivers/STM32F3xx_HAL_Driver/Src/stm32f3xx_hal_tim.o
 .debug_aranges
                0x0000000000000e28      0x168 Drivers/STM32F3xx_HAL_Driver/Src/stm32f3xx_hal_tim_ex.o

.debug_ranges   0x0000000000000000      0xe68